Archive member included to satisfy reference by file (symbol)

c:/st/stm32cubeide_1.7.0/stm32cubeide/plugins/com.st.stm32cube.ide.mcu.externaltools.gnu-tools-for-stm32.9-2020-q2-update.win32_2.0.0.202105311346/tools/bin/../lib/gcc/arm-none-eabi/9.3.1/../../../../arm-none-eabi/lib/thumb/v7-m/nofp\libc_nano.a(lib_a-errno.o)
                              ./Core/Src/syscalls.o (__errno)
c:/st/stm32cubeide_1.7.0/stm32cubeide/plugins/com.st.stm32cube.ide.mcu.externaltools.gnu-tools-for-stm32.9-2020-q2-update.win32_2.0.0.202105311346/tools/bin/../lib/gcc/arm-none-eabi/9.3.1/../../../../arm-none-eabi/lib/thumb/v7-m/nofp\libc_nano.a(lib_a-exit.o)
                              c:/st/stm32cubeide_1.7.0/stm32cubeide/plugins/com.st.stm32cube.ide.mcu.externaltools.gnu-tools-for-stm32.9-2020-q2-update.win32_2.0.0.202105311346/tools/bin/../lib/gcc/arm-none-eabi/9.3.1/../../../../arm-none-eabi/lib/thumb/v7-m/nofp/crt0.o (exit)
c:/st/stm32cubeide_1.7.0/stm32cubeide/plugins/com.st.stm32cube.ide.mcu.externaltools.gnu-tools-for-stm32.9-2020-q2-update.win32_2.0.0.202105311346/tools/bin/../lib/gcc/arm-none-eabi/9.3.1/../../../../arm-none-eabi/lib/thumb/v7-m/nofp\libc_nano.a(lib_a-impure.o)
                              c:/st/stm32cubeide_1.7.0/stm32cubeide/plugins/com.st.stm32cube.ide.mcu.externaltools.gnu-tools-for-stm32.9-2020-q2-update.win32_2.0.0.202105311346/tools/bin/../lib/gcc/arm-none-eabi/9.3.1/../../../../arm-none-eabi/lib/thumb/v7-m/nofp\libc_nano.a(lib_a-exit.o) (_global_impure_ptr)
c:/st/stm32cubeide_1.7.0/stm32cubeide/plugins/com.st.stm32cube.ide.mcu.externaltools.gnu-tools-for-stm32.9-2020-q2-update.win32_2.0.0.202105311346/tools/bin/../lib/gcc/arm-none-eabi/9.3.1/../../../../arm-none-eabi/lib/thumb/v7-m/nofp\libc_nano.a(lib_a-init.o)
                              c:/st/stm32cubeide_1.7.0/stm32cubeide/plugins/com.st.stm32cube.ide.mcu.externaltools.gnu-tools-for-stm32.9-2020-q2-update.win32_2.0.0.202105311346/tools/bin/../lib/gcc/arm-none-eabi/9.3.1/../../../../arm-none-eabi/lib/thumb/v7-m/nofp/crt0.o (__libc_init_array)
c:/st/stm32cubeide_1.7.0/stm32cubeide/plugins/com.st.stm32cube.ide.mcu.externaltools.gnu-tools-for-stm32.9-2020-q2-update.win32_2.0.0.202105311346/tools/bin/../lib/gcc/arm-none-eabi/9.3.1/../../../../arm-none-eabi/lib/thumb/v7-m/nofp\libc_nano.a(lib_a-memset.o)
                              c:/st/stm32cubeide_1.7.0/stm32cubeide/plugins/com.st.stm32cube.ide.mcu.externaltools.gnu-tools-for-stm32.9-2020-q2-update.win32_2.0.0.202105311346/tools/bin/../lib/gcc/arm-none-eabi/9.3.1/../../../../arm-none-eabi/lib/thumb/v7-m/nofp/crt0.o (memset)
c:/st/stm32cubeide_1.7.0/stm32cubeide/plugins/com.st.stm32cube.ide.mcu.externaltools.gnu-tools-for-stm32.9-2020-q2-update.win32_2.0.0.202105311346/tools/bin/../lib/gcc/arm-none-eabi/9.3.1/../../../../arm-none-eabi/lib/thumb/v7-m/nofp\libc_nano.a(lib_a-sprintf.o)
                              ./Core/Src/fsm_auto.o (sprintf)
c:/st/stm32cubeide_1.7.0/stm32cubeide/plugins/com.st.stm32cube.ide.mcu.externaltools.gnu-tools-for-stm32.9-2020-q2-update.win32_2.0.0.202105311346/tools/bin/../lib/gcc/arm-none-eabi/9.3.1/../../../../arm-none-eabi/lib/thumb/v7-m/nofp\libc_nano.a(lib_a-nano-svfprintf.o)
                              c:/st/stm32cubeide_1.7.0/stm32cubeide/plugins/com.st.stm32cube.ide.mcu.externaltools.gnu-tools-for-stm32.9-2020-q2-update.win32_2.0.0.202105311346/tools/bin/../lib/gcc/arm-none-eabi/9.3.1/../../../../arm-none-eabi/lib/thumb/v7-m/nofp\libc_nano.a(lib_a-sprintf.o) (_svfprintf_r)
c:/st/stm32cubeide_1.7.0/stm32cubeide/plugins/com.st.stm32cube.ide.mcu.externaltools.gnu-tools-for-stm32.9-2020-q2-update.win32_2.0.0.202105311346/tools/bin/../lib/gcc/arm-none-eabi/9.3.1/../../../../arm-none-eabi/lib/thumb/v7-m/nofp\libc_nano.a(lib_a-nano-vfprintf_i.o)
                              c:/st/stm32cubeide_1.7.0/stm32cubeide/plugins/com.st.stm32cube.ide.mcu.externaltools.gnu-tools-for-stm32.9-2020-q2-update.win32_2.0.0.202105311346/tools/bin/../lib/gcc/arm-none-eabi/9.3.1/../../../../arm-none-eabi/lib/thumb/v7-m/nofp\libc_nano.a(lib_a-nano-svfprintf.o) (_printf_i)
c:/st/stm32cubeide_1.7.0/stm32cubeide/plugins/com.st.stm32cube.ide.mcu.externaltools.gnu-tools-for-stm32.9-2020-q2-update.win32_2.0.0.202105311346/tools/bin/../lib/gcc/arm-none-eabi/9.3.1/../../../../arm-none-eabi/lib/thumb/v7-m/nofp\libc_nano.a(lib_a-memchr-stub.o)
                              c:/st/stm32cubeide_1.7.0/stm32cubeide/plugins/com.st.stm32cube.ide.mcu.externaltools.gnu-tools-for-stm32.9-2020-q2-update.win32_2.0.0.202105311346/tools/bin/../lib/gcc/arm-none-eabi/9.3.1/../../../../arm-none-eabi/lib/thumb/v7-m/nofp\libc_nano.a(lib_a-nano-svfprintf.o) (memchr)
c:/st/stm32cubeide_1.7.0/stm32cubeide/plugins/com.st.stm32cube.ide.mcu.externaltools.gnu-tools-for-stm32.9-2020-q2-update.win32_2.0.0.202105311346/tools/bin/../lib/gcc/arm-none-eabi/9.3.1/../../../../arm-none-eabi/lib/thumb/v7-m/nofp\libc_nano.a(lib_a-memcpy-stub.o)
[...]
Memory Configuration

Name             Origin             Length             Attributes
RAM              0x0000000020000000 0x0000000000005000 xrw
FLASH            0x0000000008000000 0x0000000000020000 xr
*default*        0x0000000000000000 0xffffffffffffffff

Linker script and memory map

LOAD c:/st/stm32cubeide_1.7.0/stm32cubeide/plugins/com.st.stm32cube.ide.mcu.externaltools.gnu-tools-for-stm32.9-2020-q2-update.win32_2.0.0.202105311346/tools/bin/../lib/gcc/arm-none-eabi/9.3.1/thumb/v7-m/nofp/crti.o
LOAD c:/st/stm32cubeide_1.7.0/stm32cubeide/plugins/com.st.stm32cube.ide.mcu.externaltools.gnu-tools-for-stm32.9-2020-q2-update.win32_2.0.0.202105311346/tools/bin/../lib/gcc/arm-none-eabi/9.3.1/thumb/v7-m/nofp/crtbegin.o
LOAD c:/st/stm32cubeide_1.7.0/stm32cubeide/plugins/com.st.stm32cube.ide.mcu.externaltools.gnu-tools-for-stm32.9-2020-q2-update.win32_2.0.0.202105311346/tools/bin/../lib/gcc/arm-none-eabi/9.3.1/../../../../arm-none-eabi/lib/thumb/v7-m/nofp/crt0.o
LOAD ./Core/Src/button.o
LOAD ./Core/Src/fsm_auto.o
LOAD ./Core/Src/fsm_auto_set_run.o
LOAD ./Core/Src/global.o
LOAD ./Core/Src/i2c-lcd.o
LOAD ./Core/Src/main.o
LOAD ./Core/Src/software_timer.o
LOAD ./Core/Src/stm32f1xx_hal_msp.o
LOAD ./Core/Src/stm32f1xx_it.o
LOAD ./Core/Src/syscalls.o
LOAD ./Core/Src/sysmem.o
LOAD ./Core/Src/system_stm32f1xx.o
LOAD ./Core/Startup/startup_stm32f103rbtx.o
LOAD ./Drivers/STM32F1xx_HAL_Driver/Src/stm32f1xx_hal.o
LOAD ./Drivers/STM32F1xx_HAL_Driver/Src/stm32f1xx_hal_cortex.o
LOAD ./Drivers/STM32F1xx_HAL_Driver/Src/stm32f1xx_hal_dma.o
LOAD ./Drivers/STM32F1xx_HAL_Driver/Src/stm32f1xx_hal_exti.o
LOAD ./Drivers/STM32F1xx_HAL_Driver/Src/stm32f1xx_hal_flash.o
LOAD ./Drivers/STM32F1xx_HAL_Driver/Src/stm32f1xx_hal_flash_ex.o
LOAD ./Drivers/STM32F1xx_HAL_Driver/Src/stm32f1xx_hal_gpio.o
LOAD ./Drivers/STM32F1xx_HAL_Driver/Src/stm32f1xx_hal_gpio_ex.o
LOAD ./Drivers/STM32F1xx_HAL_Driver/Src/stm32f1xx_hal_i2c.o
LOAD ./Drivers/STM32F1xx_HAL_Driver/Src/stm32f1xx_hal_pwr.o
LOAD ./Drivers/STM32F1xx_HAL_Driver/Src/stm32f1xx_hal_rcc.o
LOAD ./Drivers/STM32F1xx_HAL_Driver/Src/stm32f1xx_hal_rcc_ex.o
LOAD ./Drivers/STM32F1xx_HAL_Driver/Src/stm32f1xx_hal_tim.o
LOAD ./Drivers/STM32F1xx_HAL_Driver/Src/stm32f1xx_hal_tim_ex.o
START GROUP
LOAD c:/st/stm32cubeide_1.7.0/stm32cubeide/plugins/com.st.stm32cube.ide.mcu.externaltools.gnu-tools-for-stm32.9-2020-q2-update.win32_2.0.0.202105311346/tools/bin/../lib/gcc/arm-none-eabi/9.3.1/../../../../arm-none-eabi/lib/thumb/v7-m/nofp\libc_nano.a
LOAD c:/st/stm32cubeide_1.7.0/stm32cubeide/plugins/com.st.stm32cube.ide.mcu.externaltools.gnu-tools-for-stm32.9-2020-q2-update.win32_2.0.0.202105311346/tools/bin/../lib/gcc/arm-none-eabi/9.3.1/../../../../arm-none-eabi/lib/thumb/v7-m/nofp\libm.a
END GROUP
START GROUP
LOAD c:/st/stm32cubeide_1.7.0/stm32cubeide/plugins/com.st.stm32cube.ide.mcu.externaltools.gnu-tools-for-stm32.9-2020-q2-update.win32_2.0.0.202105311346/tools/bin/../lib/gcc/arm-none-eabi/9.3.1/thumb/v7-m/nofp\libgcc.a
LOAD c:/st/stm32cubeide_1.7.0/stm32cubeide/plugins/com.st.stm32cube.ide.mcu.externaltools.gnu-tools-for-stm32.9-2020-q2-update.win32_2.0.0.202105311346/tools/bin/../lib/gcc/arm-none-eabi/9.3.1/../../../../arm-none-eabi/lib/thumb/v7-m/nofp\libc_nano.a
END GROUP
START GROUP
LOAD c:/st/stm32cubeide_1.7.0/stm32cubeide/plugins/com.st.stm32cube.ide.mcu.externaltools.gnu-tools-for-stm32.9-2020-q2-update.win32_2.0.0.202105311346/tools/bin/../lib/gcc/arm-none-eabi/9.3.1/thumb/v7-m/nofp\libgcc.a
LOAD c:/st/stm32cubeide_1.7.0/stm32cubeide/plugins/com.st.stm32cube.ide.mcu.externaltools.gnu-tools-for-stm32.9-2020-q2-update.win32_2.0.0.202105311346/tools/bin/../lib/gcc/arm-none-eabi/9.3.1/../../../../arm-none-eabi/lib/thumb/v7-m/nofp\libc_nano.a
LOAD c:/st/stm32cubeide_1.7.0/stm32cubeide/plugins/com.st.stm32cube.ide.mcu.externaltools.gnu-tools-for-stm32.9-2020-q2-update.win32_2.0.0.202105311346/tools/bin/../lib/gcc/arm-none-eabi/9.3.1/../../../../arm-none-eabi/lib/thumb/v7-m/nofp\libnosys.a
END GROUP
START GROUP
LOAD c:/st/stm32cubeide_1.7.0/stm32cubeide/plugins/com.st.stm32cube.ide.mcu.externaltools.gnu-tools-for-stm32.9-2020-q2-update.win32_2.0.0.202105311346/tools/bin/../lib/gcc/arm-none-eabi/9.3.1/thumb/v7-m/nofp\libgcc.a
LOAD c:/st/stm32cubeide_1.7.0/stm32cubeide/plugins/com.st.stm32cube.ide.mcu.externaltools.gnu-tools-for-stm32.9-2020-q2-update.win32_2.0.0.202105311346/tools/bin/../lib/gcc/arm-none-eabi/9.3.1/../../../../arm-none-eabi/lib/thumb/v7-m/nofp\libc_nano.a
LOAD c:/st/stm32cubeide_1.7.0/stm32cubeide/plugins/com.st.stm32cube.ide.mcu.externaltools.gnu-tools-for-stm32.9-2020-q2-update.win32_2.0.0.202105311346/tools/bin/../lib/gcc/arm-none-eabi/9.3.1/../../../../arm-none-eabi/lib/thumb/v7-m/nofp\libnosys.a
END GROUP
LOAD c:/st/stm32cubeide_1.7.0/stm32cubeide/plugins/com.st.stm32cube.ide.mcu.externaltools.gnu-tools-for-stm32.9-2020-q2-update.win32_2.0.0.202105311346/tools/bin/../lib/gcc/arm-none-eabi/9.3.1/thumb/v7-m/nofp/crtend.o
LOAD c:/st/stm32cubeide_1.7.0/stm32cubeide/plugins/com.st.stm32cube.ide.mcu.externaltools.gnu-tools-for-stm32.9-2020-q2-update.win32_2.0.0.202105311346/tools/bin/../lib/gcc/arm-none-eabi/9.3.1/thumb/v7-m/nofp/crtn.o
                0x0000000020005000                _estack = (ORIGIN (RAM) + LENGTH (RAM))
                0x0000000000000200                _Min_Heap_Size = 0x200
                0x0000000000000400                _Min_Stack_Size = 0x400

.isr_vector     0x0000000008000000      0x10c
                0x0000000008000000                . = ALIGN (0x4)
 *(.isr_vector)
 .isr_vector    0x0000000008000000      0x10c ./Core/Startup/startup_stm32f103rbtx.o
                0x0000000008000000                g_pfnVectors
                0x000000000800010c                . = ALIGN (0x4)

.text           0x000000000800010c     0x3e1c
                0x000000000800010c                . = ALIGN (0x4)
 *(.text)
 .text          0x000000000800010c       0x40 c:/st/stm32cubeide_1.7.0/stm32cubeide/plugins/com.st.stm32cube.ide.mcu.externaltools.gnu-tools-for-stm32.9-2020-q2-update.win32_2.0.0.202105311346/tools/bin/../lib/gcc/arm-none-eabi/9.3.1/thumb/v7-m/nofp/crtbegin.o
 *(.text*)
 .text.isButton1Press
                0x000000000800014c       0x24 ./Core/Src/button.o
                0x000000000800014c                isButton1Press
 .text.isButton2Press
                0x0000000008000170       0x24 ./Core/Src/button.o
                0x0000000008000170                isButton2Press
 .text.isButton3Press
                0x0000000008000194       0x24 ./Core/Src/button.o
                0x0000000008000194                isButton3Press
 .text.subKeyProcess
                0x00000000080001b8       0x18 ./Core/Src/button.o
                0x00000000080001b8                subKeyProcess
 .text.subKeyProcess_2
                0x00000000080001d0       0x18 ./Core/Src/button.o
                0x00000000080001d0                subKeyProcess_2
 .text.subKeyProcess_3
                0x00000000080001e8       0x18 ./Core/Src/button.o
                0x00000000080001e8                subKeyProcess_3
 .text.getKeyInput
                0x0000000008000200       0x9c ./Core/Src/button.o
                0x0000000008000200                getKeyInput
 .text.getKeyInput_2
                0x000000000800029c       0x9c ./Core/Src/button.o
                0x000000000800029c                getKeyInput_2
 .text.getKeyInput_3
                0x0000000008000338       0x9c ./Core/Src/button.o
                0x0000000008000338                getKeyInput_3
 .text.fsm_auto_mode1_run
                0x00000000080003d4      0x580 ./Core/Src/fsm_auto.o
                0x00000000080003d4                fsm_auto_mode1_run
 .text.fsm_auto_set_run
                0x0000000008000954      0x3ec ./Core/Src/fsm_auto_set_run.o
                0x0000000008000954                fsm_auto_set_run
 .text.lcd_send_cmd
                0x0000000008000d40       0x60 ./Core/Src/i2c-lcd.o
                0x0000000008000d40                lcd_send_cmd
 .text.lcd_send_data
                0x0000000008000da0       0x60 ./Core/Src/i2c-lcd.o
                0x0000000008000da0                lcd_send_data
 .text.lcd_init
                0x0000000008000e00       0x5c ./Core/Src/i2c-lcd.o
                0x0000000008000e00                lcd_init
 .text.lcd_send_string
                0x0000000008000e5c       0x2a ./Core/Src/i2c-lcd.o
                0x0000000008000e5c                lcd_send_string
 .text.lcd_clear_display
                0x0000000008000e86        0xe ./Core/Src/i2c-lcd.o
                0x0000000008000e86                lcd_clear_display
 .text.lcd_goto_XY
                0x0000000008000e94       0x44 ./Core/Src/i2c-lcd.o
                0x0000000008000e94                lcd_goto_XY
 .text.main     0x0000000008000ed8       0x60 ./Core/Src/main.o
                0x0000000008000ed8                main
 .text.SystemClock_Config
                0x0000000008000f38       0x82 ./Core/Src/main.o
                0x0000000008000f38                SystemClock_Config
 *fill*         0x0000000008000fba        0x2 
 .text.MX_I2C1_Init
                0x0000000008000fbc       0x5c ./Core/Src/main.o
 .text.MX_TIM2_Init
                0x0000000008001018       0x98 ./Core/Src/main.o
 .text.MX_GPIO_Init
                0x00000000080010b0      0x104 ./Core/Src/main.o
 .text.HAL_TIM_PeriodElapsedCallback
                0x00000000080011b4       0x20 ./Core/Src/main.o
                0x00000000080011b4                HAL_TIM_PeriodElapsedCallback
 .text.Error_Handler
                0x00000000080011d4        0xa ./Core/Src/main.o
                0x00000000080011d4                Error_Handler
 *fill*         0x00000000080011de        0x2 
 .text.setTimer1
                0x00000000080011e0       0x28 ./Core/Src/software_timer.o
                0x00000000080011e0                setTimer1
 .text.setTimer2
                0x0000000008001208       0x28 ./Core/Src/software_timer.o
                0x0000000008001208                setTimer2
 .text.setTimer3
                0x0000000008001230       0x28 ./Core/Src/software_timer.o
                0x0000000008001230                setTimer3
 .text.setTimer4
                0x0000000008001258       0x28 ./Core/Src/software_timer.o
                0x0000000008001258                setTimer4
 .text.setTimer5
                0x0000000008001280       0x28 ./Core/Src/software_timer.o
                0x0000000008001280                setTimer5
 .text.timerRun
                0x00000000080012a8      0x14c ./Core/Src/software_timer.o
                0x00000000080012a8                timerRun
 .text.HAL_MspInit
                0x00000000080013f4       0x64 ./Core/Src/stm32f1xx_hal_msp.o
                0x00000000080013f4                HAL_MspInit
 .text.HAL_I2C_MspInit
                0x0000000008001458       0xa0 ./Core/Src/stm32f1xx_hal_msp.o
                0x0000000008001458                HAL_I2C_MspInit
 .text.HAL_TIM_Base_MspInit
                0x00000000080014f8       0x48 ./Core/Src/stm32f1xx_hal_msp.o
                0x00000000080014f8                HAL_TIM_Base_MspInit
 .text.NMI_Handler
                0x0000000008001540        0x6 ./Core/Src/stm32f1xx_it.o
                0x0000000008001540                NMI_Handler
 .text.HardFault_Handler
                0x0000000008001546        0x6 ./Core/Src/stm32f1xx_it.o
                0x0000000008001546                HardFault_Handler
 .text.MemManage_Handler
                0x000000000800154c        0x6 ./Core/Src/stm32f1xx_it.o
                0x000000000800154c                MemManage_Handler
 .text.BusFault_Handler
                0x0000000008001552        0x6 ./Core/Src/stm32f1xx_it.o
                0x0000000008001552                BusFault_Handler
 .text.UsageFault_Handler
                0x0000000008001558        0x6 ./Core/Src/stm32f1xx_it.o
                0x0000000008001558                UsageFault_Handler
 .text.SVC_Handler
                0x000000000800155e        0xc ./Core/Src/stm32f1xx_it.o
                0x000000000800155e                SVC_Handler
 .text.DebugMon_Handler
                0x000000000800156a        0xc ./Core/Src/stm32f1xx_it.o
                0x000000000800156a                DebugMon_Handler
 .text.PendSV_Handler
                0x0000000008001576        0xc ./Core/Src/stm32f1xx_it.o
                0x0000000008001576                PendSV_Handler
 .text.SysTick_Handler
                0x0000000008001582        0xc ./Core/Src/stm32f1xx_it.o
                0x0000000008001582                SysTick_Handler
 *fill*         0x000000000800158e        0x2 
 .text.TIM2_IRQHandler
                0x0000000008001590       0x14 ./Core/Src/stm32f1xx_it.o
                0x0000000008001590                TIM2_IRQHandler
 .text._sbrk    0x00000000080015a4       0x6c ./Core/Src/sysmem.o
                0x00000000080015a4                _sbrk
 .text.SystemInit
                0x0000000008001610        0xc ./Core/Src/system_stm32f1xx.o
                0x0000000008001610                SystemInit
 .text.Reset_Handler
                0x000000000800161c       0x48 ./Core/Startup/startup_stm32f103rbtx.o
                0x000000000800161c                Reset_Handler
 .text.Default_Handler
                0x0000000008001664        0x2 ./Core/Startup/startup_stm32f103rbtx.o
                0x0000000008001664                RTC_Alarm_IRQHandler
                0x0000000008001664                EXTI2_IRQHandler
                0x0000000008001664                TIM1_CC_IRQHandler
                0x0000000008001664                PVD_IRQHandler
                0x0000000008001664                EXTI3_IRQHandler
                0x0000000008001664                EXTI0_IRQHandler
                0x0000000008001664                I2C2_EV_IRQHandler
                0x0000000008001664                ADC1_2_IRQHandler
                0x0000000008001664                SPI1_IRQHandler
                0x0000000008001664                TAMPER_IRQHandler
                0x0000000008001664                DMA1_Channel4_IRQHandler
                0x0000000008001664                USART3_IRQHandler
                0x0000000008001664                RTC_IRQHandler
                0x0000000008001664                DMA1_Channel7_IRQHandler
                0x0000000008001664                CAN1_RX1_IRQHandler
                0x0000000008001664                TIM4_IRQHandler
                0x0000000008001664                I2C1_EV_IRQHandler
                0x0000000008001664                DMA1_Channel6_IRQHandler
                0x0000000008001664                TIM3_IRQHandler
                0x0000000008001664                RCC_IRQHandler
                0x0000000008001664                TIM1_TRG_COM_IRQHandler
                0x0000000008001664                DMA1_Channel1_IRQHandler
                0x0000000008001664                Default_Handler
                0x0000000008001664                EXTI15_10_IRQHandler
                0x0000000008001664                EXTI9_5_IRQHandler
                0x0000000008001664                SPI2_IRQHandler
                0x0000000008001664                DMA1_Channel5_IRQHandler
                0x0000000008001664                EXTI4_IRQHandler
                0x0000000008001664                USB_LP_CAN1_RX0_IRQHandler
                0x0000000008001664                USB_HP_CAN1_TX_IRQHandler
                0x0000000008001664                DMA1_Channel3_IRQHandler
                0x0000000008001664                TIM1_UP_IRQHandler
                0x0000000008001664                WWDG_IRQHandler
                0x0000000008001664                TIM1_BRK_IRQHandler
                0x0000000008001664                EXTI1_IRQHandler
                0x0000000008001664                USART2_IRQHandler
                0x0000000008001664                I2C2_ER_IRQHandler
                0x0000000008001664                DMA1_Channel2_IRQHandler
                0x0000000008001664                CAN1_SCE_IRQHandler
                0x0000000008001664                FLASH_IRQHandler
                0x0000000008001664                USART1_IRQHandler
                0x0000000008001664                I2C1_ER_IRQHandler
                0x0000000008001664                USBWakeUp_IRQHandler
 *fill*         0x0000000008001666        0x2 
 .text.HAL_Init
                0x0000000008001668       0x2c ./Drivers/STM32F1xx_HAL_Driver/Src/stm32f1xx_hal.o
                0x0000000008001668                HAL_Init
 .text.HAL_InitTick
                0x0000000008001694       0x60 ./Drivers/STM32F1xx_HAL_Driver/Src/stm32f1xx_hal.o
                0x0000000008001694                HAL_InitTick
 .text.HAL_IncTick
                0x00000000080016f4       0x24 ./Drivers/STM32F1xx_HAL_Driver/Src/stm32f1xx_hal.o
                0x00000000080016f4                HAL_IncTick
 .text.HAL_GetTick
                0x0000000008001718       0x14 ./Drivers/STM32F1xx_HAL_Driver/Src/stm32f1xx_hal.o
                0x0000000008001718                HAL_GetTick
 .text.HAL_Delay
                0x000000000800172c       0x48 ./Drivers/STM32F1xx_HAL_Driver/Src/stm32f1xx_hal.o
                0x000000000800172c                HAL_Delay
 .text.__NVIC_SetPriorityGrouping
                0x0000000008001774       0x48 ./Drivers/STM32F1xx_HAL_Driver/Src/stm32f1xx_hal_cortex.o
 .text.__NVIC_GetPriorityGrouping
                0x00000000080017bc       0x1c ./Drivers/STM32F1xx_HAL_Driver/Src/stm32f1xx_hal_cortex.o
 .text.__NVIC_EnableIRQ
                0x00000000080017d8       0x38 ./Drivers/STM32F1xx_HAL_Driver/Src/stm32f1xx_hal_cortex.o
 .text.__NVIC_SetPriority
                0x0000000008001810       0x54 ./Drivers/STM32F1xx_HAL_Driver/Src/stm32f1xx_hal_cortex.o
 .text.NVIC_EncodePriority
                0x0000000008001864       0x64 ./Drivers/STM32F1xx_HAL_Driver/Src/stm32f1xx_hal_cortex.o
 .text.SysTick_Config
                0x00000000080018c8       0x44 ./Drivers/STM32F1xx_HAL_Driver/Src/stm32f1xx_hal_cortex.o
 .text.HAL_NVIC_SetPriorityGrouping
                0x000000000800190c       0x16 ./Drivers/STM32F1xx_HAL_Driver/Src/stm32f1xx_hal_cortex.o
                0x000000000800190c                HAL_NVIC_SetPriorityGrouping
 .text.HAL_NVIC_SetPriority
                0x0000000008001922       0x38 ./Drivers/STM32F1xx_HAL_Driver/Src/stm32f1xx_hal_cortex.o
                0x0000000008001922                HAL_NVIC_SetPriority
 .text.HAL_NVIC_EnableIRQ
                0x000000000800195a       0x1c ./Drivers/STM32F1xx_HAL_Driver/Src/stm32f1xx_hal_cortex.o
                0x000000000800195a                HAL_NVIC_EnableIRQ
 .text.HAL_SYSTICK_Config
                0x0000000008001976       0x18 ./Drivers/STM32F1xx_HAL_Driver/Src/stm32f1xx_hal_cortex.o
                0x0000000008001976                HAL_SYSTICK_Config
 *fill*         0x000000000800198e        0x2 
 .text.HAL_GPIO_Init
                0x0000000008001990      0x308 ./Drivers/STM32F1xx_HAL_Driver/Src/stm32f1xx_hal_gpio.o
                0x0000000008001990                HAL_GPIO_Init
 .text.HAL_GPIO_ReadPin
                0x0000000008001c98       0x2e ./Drivers/STM32F1xx_HAL_Driver/Src/stm32f1xx_hal_gpio.o
                0x0000000008001c98                HAL_GPIO_ReadPin
 .text.HAL_GPIO_WritePin
                0x0000000008001cc6       0x30 ./Drivers/STM32F1xx_HAL_Driver/Src/stm32f1xx_hal_gpio.o
                0x0000000008001cc6                HAL_GPIO_WritePin
 .text.HAL_GPIO_TogglePin
                0x0000000008001cf6       0x32 ./Drivers/STM32F1xx_HAL_Driver/Src/stm32f1xx_hal_gpio.o
                0x0000000008001cf6                HAL_GPIO_TogglePin
 .text.HAL_I2C_Init
                0x0000000008001d28      0x288 ./Drivers/STM32F1xx_HAL_Driver/Src/stm32f1xx_hal_i2c.o
                0x0000000008001d28                HAL_I2C_Init
 .text.HAL_I2C_Master_Transmit
                0x0000000008001fb0      0x1fc ./Drivers/STM32F1xx_HAL_Driver/Src/stm32f1xx_hal_i2c.o
                0x0000000008001fb0                HAL_I2C_Master_Transmit
 .text.I2C_MasterRequestWrite
                0x00000000080021ac      0x104 ./Drivers/STM32F1xx_HAL_Driver/Src/stm32f1xx_hal_i2c.o
 .text.I2C_WaitOnFlagUntilTimeout
                0x00000000080022b0       0xf4 ./Drivers/STM32F1xx_HAL_Driver/Src/stm32f1xx_hal_i2c.o
 .text.I2C_WaitOnMasterAddressFlagUntilTimeout
                0x00000000080023a4      0x140 ./Drivers/STM32F1xx_HAL_Driver/Src/stm32f1xx_hal_i2c.o
 .text.I2C_WaitOnTXEFlagUntilTimeout
                0x00000000080024e4       0x90 ./Drivers/STM32F1xx_HAL_Driver/Src/stm32f1xx_hal_i2c.o
 .text.I2C_WaitOnBTFFlagUntilTimeout
                0x0000000008002574       0x90 ./Drivers/STM32F1xx_HAL_Driver/Src/stm32f1xx_hal_i2c.o
 .text.I2C_IsAcknowledgeFailed
                0x0000000008002604       0x5c ./Drivers/STM32F1xx_HAL_Driver/Src/stm32f1xx_hal_i2c.o
 .text.HAL_RCC_OscConfig
                0x0000000008002660      0x500 ./Drivers/STM32F1xx_HAL_Driver/Src/stm32f1xx_hal_rcc.o
                0x0000000008002660                HAL_RCC_OscConfig
 .text.HAL_RCC_ClockConfig
                0x0000000008002b60      0x1d4 ./Drivers/STM32F1xx_HAL_Driver/Src/stm32f1xx_hal_rcc.o
                0x0000000008002b60                HAL_RCC_ClockConfig
 .text.HAL_RCC_GetSysClockFreq
                0x0000000008002d34       0xa8 ./Drivers/STM32F1xx_HAL_Driver/Src/stm32f1xx_hal_rcc.o
                0x0000000008002d34                HAL_RCC_GetSysClockFreq
 .text.HAL_RCC_GetHCLKFreq
                0x0000000008002ddc       0x14 ./Drivers/STM32F1xx_HAL_Driver/Src/stm32f1xx_hal_rcc.o
                0x0000000008002ddc                HAL_RCC_GetHCLKFreq
 .text.HAL_RCC_GetPCLK1Freq
                0x0000000008002df0       0x28 ./Drivers/STM32F1xx_HAL_Driver/Src/stm32f1xx_hal_rcc.o
                0x0000000008002df0                HAL_RCC_GetPCLK1Freq
 .text.RCC_Delay
                0x0000000008002e18       0x3c ./Drivers/STM32F1xx_HAL_Driver/Src/stm32f1xx_hal_rcc.o
 .text.HAL_TIM_Base_Init
                0x0000000008002e54       0x9e ./Drivers/STM32F1xx_HAL_Driver/Src/stm32f1xx_hal_tim.o
                0x0000000008002e54                HAL_TIM_Base_Init
 *fill*         0x0000000008002ef2        0x2 
 .text.HAL_TIM_Base_Start_IT
                0x0000000008002ef4       0xa4 ./Drivers/STM32F1xx_HAL_Driver/Src/stm32f1xx_hal_tim.o
                0x0000000008002ef4                HAL_TIM_Base_Start_IT
 .text.HAL_TIM_IRQHandler
                0x0000000008002f98      0x1e0 ./Drivers/STM32F1xx_HAL_Driver/Src/stm32f1xx_hal_tim.o
                0x0000000008002f98                HAL_TIM_IRQHandler
 .text.HAL_TIM_ConfigClockSource
                0x0000000008003178      0x18e ./Drivers/STM32F1xx_HAL_Driver/Src/stm32f1xx_hal_tim.o
                0x0000000008003178                HAL_TIM_ConfigClockSource
 .text.HAL_TIM_OC_DelayElapsedCallback
                0x0000000008003306       0x12 ./Drivers/STM32F1xx_HAL_Driver/Src/stm32f1xx_hal_tim.o
                0x0000000008003306                HAL_TIM_OC_DelayElapsedCallback
 .text.HAL_TIM_IC_CaptureCallback
                0x0000000008003318       0x12 ./Drivers/STM32F1xx_HAL_Driver/Src/stm32f1xx_hal_tim.o
                0x0000000008003318                HAL_TIM_IC_CaptureCallback
 .text.HAL_TIM_PWM_PulseFinishedCallback
                0x000000000800332a       0x12 ./Drivers/STM32F1xx_HAL_Driver/Src/stm32f1xx_hal_tim.o
                0x000000000800332a                HAL_TIM_PWM_PulseFinishedCallback
 .text.HAL_TIM_TriggerCallback
                0x000000000800333c       0x12 ./Drivers/STM32F1xx_HAL_Driver/Src/stm32f1xx_hal_tim.o
                0x000000000800333c                HAL_TIM_TriggerCallback
 *fill*         0x000000000800334e        0x2 
 .text.TIM_Base_SetConfig
                0x0000000008003350       0xdc ./Drivers/STM32F1xx_HAL_Driver/Src/stm32f1xx_hal_tim.o
                0x0000000008003350                TIM_Base_SetConfig
 .text.TIM_TI1_ConfigInputStage
                0x000000000800342c       0x5c ./Drivers/STM32F1xx_HAL_Driver/Src/stm32f1xx_hal_tim.o
 .text.TIM_TI2_ConfigInputStage
                0x0000000008003488       0x5e ./Drivers/STM32F1xx_HAL_Driver/Src/stm32f1xx_hal_tim.o
 .text.TIM_ITRx_SetConfig
                0x00000000080034e6       0x34 ./Drivers/STM32F1xx_HAL_Driver/Src/stm32f1xx_hal_tim.o
 .text.TIM_ETR_SetConfig
                0x000000000800351a       0x3e ./Drivers/STM32F1xx_HAL_Driver/Src/stm32f1xx_hal_tim.o
                0x000000000800351a                TIM_ETR_SetConfig
 .text.HAL_TIMEx_MasterConfigSynchronization
                0x0000000008003558       0xbc ./Drivers/STM32F1xx_HAL_Driver/Src/stm32f1xx_hal_tim_ex.o
                0x0000000008003558                HAL_TIMEx_MasterConfigSynchronization
 .text.HAL_TIMEx_CommutCallback
                0x0000000008003614       0x12 ./Drivers/STM32F1xx_HAL_Driver/Src/stm32f1xx_hal_tim_ex.o
                0x0000000008003614                HAL_TIMEx_CommutCallback
 .text.HAL_TIMEx_BreakCallback
                0x0000000008003626       0x12 ./Drivers/STM32F1xx_HAL_Driver/Src/stm32f1xx_hal_tim_ex.o
                0x0000000008003626                HAL_TIMEx_BreakCallback
 .text.__errno  0x0000000008003638        0xc c:/st/stm32cubeide_1.7.0/stm32cubeide/plugins/com.st.stm32cube.ide.mcu.externaltools.gnu-tools-for-stm32.9-2020-q2-update.win32_2.0.0.202105311346/tools/bin/../lib/gcc/arm-none-eabi/9.3.1/../../../../arm-none-eabi/lib/thumb/v7-m/nofp\libc_nano.a(lib_a-errno.o)
                0x0000000008003638                __errno
 .text.__libc_init_array
                0x0000000008003644       0x48 c:/st/stm32cubeide_1.7.0/stm32cubeide/plugins/com.st.stm32cube.ide.mcu.externaltools.gnu-tools-for-stm32.9-2020-q2-update.win32_2.0.0.202105311346/tools/bin/../lib/gcc/arm-none-eabi/9.3.1/../../../../arm-none-eabi/lib/thumb/v7-m/nofp\libc_nano.a(lib_a-init.o)
                0x0000000008003644                __libc_init_array
 .text.memset   0x000000000800368c       0x10 c:/st/stm32cubeide_1.7.0/stm32cubeide/plugins/com.st.stm32cube.ide.mcu.externaltools.gnu-tools-for-stm32.9-2020-q2-update.win32_2.0.0.202105311346/tools/bin/../lib/gcc/arm-none-eabi/9.3.1/../../../../arm-none-eabi/lib/thumb/v7-m/nofp\libc_nano.a(lib_a-memset.o)
                0x000000000800368c                memset
 .text.sprintf  0x000000000800369c       0x40 c:/st/stm32cubeide_1.7.0/stm32cubeide/plugins/com.st.stm32cube.ide.mcu.externaltools.gnu-tools-for-stm32.9-2020-q2-update.win32_2.0.0.202105311346/tools/bin/../lib/gcc/arm-none-eabi/9.3.1/../../../../arm-none-eabi/lib/thumb/v7-m/nofp\libc_nano.a(lib_a-sprintf.o)
                0x000000000800369c                siprintf
                0x000000000800369c                sprintf
 .text.__ssputs_r
                0x00000000080036dc       0xb6 c:/st/stm32cubeide_1.7.0/stm32cubeide/plugins/com.st.stm32cube.ide.mcu.externaltools.gnu-tools-for-stm32.9-2020-q2-update.win32_2.0.0.202105311346/tools/bin/../lib/gcc/arm-none-eabi/9.3.1/../../../../arm-none-eabi/lib/thumb/v7-m/nofp\libc_nano.a(lib_a-nano-svfprintf.o)
                0x00000000080036dc                __ssputs_r
 *fill*         0x0000000008003792        0x2 
 .text._svfprintf_r
                0x0000000008003794      0x200 c:/st/stm32cubeide_1.7.0/stm32cubeide/plugins/com.st.stm32cube.ide.mcu.externaltools.gnu-tools-for-stm32.9-2020-q2-update.win32_2.0.0.202105311346/tools/bin/../lib/gcc/arm-none-eabi/9.3.1/../../../../arm-none-eabi/lib/thumb/v7-m/nofp\libc_nano.a(lib_a-nano-svfprintf.o)
                0x0000000008003794                _svfiprintf_r
                0x0000000008003794                _svfprintf_r
 .text._printf_common
                0x0000000008003994       0xde c:/st/stm32cubeide_1.7.0/stm32cubeide/plugins/com.st.stm32cube.ide.mcu.externaltools.gnu-tools-for-stm32.9-2020-q2-update.win32_2.0.0.202105311346/tools/bin/../lib/gcc/arm-none-eabi/9.3.1/../../../../arm-none-eabi/lib/thumb/v7-m/nofp\libc_nano.a(lib_a-nano-vfprintf_i.o)
                0x0000000008003994                _printf_common
 *fill*         0x0000000008003a72        0x2 
 .text._printf_i
                0x0000000008003a74      0x24c c:/st/stm32cubeide_1.7.0/stm32cubeide/plugins/com.st.stm32cube.ide.mcu.externaltools.gnu-tools-for-stm32.9-2020-q2-update.win32_2.0.0.202105311346/tools/bin/../lib/gcc/arm-none-eabi/9.3.1/../../../../arm-none-eabi/lib/thumb/v7-m/nofp\libc_nano.a(lib_a-nano-vfprintf_i.o)
                0x0000000008003a74                _printf_i
 .text.memchr   0x0000000008003cc0       0x1c c:/st/stm32cubeide_1.7.0/stm32cubeide/plugins/com.st.stm32cube.ide.mcu.externaltools.gnu-tools-for-stm32.9-2020-q2-update.win32_2.0.0.202105311346/tools/bin/../lib/gcc/arm-none-eabi/9.3.1/../../../../arm-none-eabi/lib/thumb/v7-m/nofp\libc_nano.a(lib_a-memchr-stub.o)
                0x0000000008003cc0                memchr
 .text.memcpy   0x0000000008003cdc       0x1c c:/st/stm32cubeide_1.7.0/stm32cubeide/plugins/com.st.stm32cube.ide.mcu.externaltools.gnu-tools-for-stm32.9-2020-q2-update.win32_2.0.0.202105311346/tools/bin/../lib/gcc/arm-none-eabi/9.3.1/../../../../arm-none-eabi/lib/thumb/v7-m/nofp\libc_nano.a(lib_a-memcpy-stub.o)
                0x0000000008003cdc                memcpy
 .text.memmove  0x0000000008003cf8       0x34 c:/st/stm32cubeide_1.7.0/stm32cubeide/plugins/com.st.stm32cube.ide.mcu.externaltools.gnu-tools-for-stm32.9-2020-q2-update.win32_2.0.0.202105311346/tools/bin/../lib/gcc/arm-none-eabi/9.3.1/../../../../arm-none-eabi/lib/thumb/v7-m/nofp\libc_nano.a(lib_a-memmove.o)
                0x0000000008003cf8                memmove
 .text._free_r  0x0000000008003d2c       0x98 c:/st/stm32cubeide_1.7.0/stm32cubeide/plugins/com.st.stm32cube.ide.mcu.externaltools.gnu-tools-for-stm32.9-2020-q2-update.win32_2.0.0.202105311346/tools/bin/../lib/gcc/arm-none-eabi/9.3.1/../../../../arm-none-eabi/lib/thumb/v7-m/nofp\libc_nano.a(lib_a-nano-freer.o)
                0x0000000008003d2c                _free_r
 .text._malloc_r
                0x0000000008003dc4       0xb4 c:/st/stm32cubeide_1.7.0/stm32cubeide/plugins/com.st.stm32cube.ide.mcu.externaltools.gnu-tools-for-stm32.9-2020-q2-update.win32_2.0.0.202105311346/tools/bin/../lib/gcc/arm-none-eabi/9.3.1/../../../../arm-none-eabi/lib/thumb/v7-m/nofp\libc_nano.a(lib_a-nano-mallocr.o)
                0x0000000008003dc4                _malloc_r
 .text._realloc_r
                0x0000000008003e78       0x4c c:/st/stm32cubeide_1.7.0/stm32cubeide/plugins/com.st.stm32cube.ide.mcu.externaltools.gnu-tools-for-stm32.9-2020-q2-update.win32_2.0.0.202105311346/tools/bin/../lib/gcc/arm-none-eabi/9.3.1/../../../../arm-none-eabi/lib/thumb/v7-m/nofp\libc_nano.a(lib_a-nano-reallocr.o)
                0x0000000008003e78                _realloc_r
 .text._sbrk_r  0x0000000008003ec4       0x20 c:/st/stm32cubeide_1.7.0/stm32cubeide/plugins/com.st.stm32cube.ide.mcu.externaltools.gnu-tools-for-stm32.9-2020-q2-update.win32_2.0.0.202105311346/tools/bin/../lib/gcc/arm-none-eabi/9.3.1/../../../../arm-none-eabi/lib/thumb/v7-m/nofp\libc_nano.a(lib_a-sbrkr.o)
                0x0000000008003ec4                _sbrk_r
 .text.__malloc_lock
                0x0000000008003ee4        0xc c:/st/stm32cubeide_1.7.0/stm32cubeide/plugins/com.st.stm32cube.ide.mcu.externaltools.gnu-tools-for-stm32.9-2020-q2-update.win32_2.0.0.202105311346/tools/bin/../lib/gcc/arm-none-eabi/9.3.1/../../../../arm-none-eabi/lib/thumb/v7-m/nofp\libc_nano.a(lib_a-mlock.o)
                0x0000000008003ee4                __malloc_lock
 .text.__malloc_unlock
                0x0000000008003ef0        0xc c:/st/stm32cubeide_1.7.0/stm32cubeide/plugins/com.st.stm32cube.ide.mcu.externaltools.gnu-tools-for-stm32.9-2020-q2-update.win32_2.0.0.202105311346/tools/bin/../lib/gcc/arm-none-eabi/9.3.1/../../../../arm-none-eabi/lib/thumb/v7-m/nofp\libc_nano.a(lib_a-mlock.o)
                0x0000000008003ef0                __malloc_unlock
 .text._malloc_usable_size_r
                0x0000000008003efc       0x10 c:/st/stm32cubeide_1.7.0/stm32cubeide/plugins/com.st.stm32cube.ide.mcu.externaltools.gnu-tools-for-stm32.9-2020-q2-update.win32_2.0.0.202105311346/tools/bin/../lib/gcc/arm-none-eabi/9.3.1/../../../../arm-none-eabi/lib/thumb/v7-m/nofp\libc_nano.a(lib_a-nano-msizer.o)
                0x0000000008003efc                _malloc_usable_size_r
 .text.__retarget_lock_acquire_recursive
                0x0000000008003f0c        0x2 c:/st/stm32cubeide_1.7.0/stm32cubeide/plugins/com.st.stm32cube.ide.mcu.externaltools.gnu-tools-for-stm32.9-2020-q2-update.win32_2.0.0.202105311346/tools/bin/../lib/gcc/arm-none-eabi/9.3.1/../../../../arm-none-eabi/lib/thumb/v7-m/nofp\libc_nano.a(lib_a-lock.o)
                0x0000000008003f0c                __retarget_lock_acquire_recursive
 .text.__retarget_lock_release_recursive
                0x0000000008003f0e        0x2 c:/st/stm32cubeide_1.7.0/stm32cubeide/plugins/com.st.stm32cube.ide.mcu.externaltools.gnu-tools-for-stm32.9-2020-q2-update.win32_2.0.0.202105311346/tools/bin/../lib/gcc/arm-none-eabi/9.3.1/../../../../arm-none-eabi/lib/thumb/v7-m/nofp\libc_nano.a(lib_a-lock.o)
                0x0000000008003f0e                __retarget_lock_release_recursive
 *(.glue_7)
 .glue_7        0x0000000008003f10        0x0 linker stubs
 *(.glue_7t)
 .glue_7t       0x0000000008003f10        0x0 linker stubs
 *(.eh_frame)
 .eh_frame      0x0000000008003f10        0x0 c:/st/stm32cubeide_1.7.0/stm32cubeide/plugins/com.st.stm32cube.ide.mcu.externaltools.gnu-tools-for-stm32.9-2020-q2-update.win32_2.0.0.202105311346/tools/bin/../lib/gcc/arm-none-eabi/9.3.1/thumb/v7-m/nofp/crtbegin.o
 *(.init)
 .init          0x0000000008003f10        0x4 c:/st/stm32cubeide_1.7.0/stm32cubeide/plugins/com.st.stm32cube.ide.mcu.externaltools.gnu-tools-for-stm32.9-2020-q2-update.win32_2.0.0.202105311346/tools/bin/../lib/gcc/arm-none-eabi/9.3.1/thumb/v7-m/nofp/crti.o
                0x0000000008003f10                _init
 .init          0x0000000008003f14        0x8 c:/st/stm32cubeide_1.7.0/stm32cubeide/plugins/com.st.stm32cube.ide.mcu.externaltools.gnu-tools-for-stm32.9-2020-q2-update.win32_2.0.0.202105311346/tools/bin/../lib/gcc/arm-none-eabi/9.3.1/thumb/v7-m/nofp/crtn.o
 *(.fini)
 .fini          0x0000000008003f1c        0x4 c:/st/stm32cubeide_1.7.0/stm32cubeide/plugins/com.st.stm32cube.ide.mcu.externaltools.gnu-tools-for-stm32.9-2020-q2-update.win32_2.0.0.202105311346/tools/bin/../lib/gcc/arm-none-eabi/9.3.1/thumb/v7-m/nofp/crti.o
                0x0000000008003f1c                _fini
 .fini          0x0000000008003f20        0x8 c:/st/stm32cubeide_1.7.0/stm32cubeide/plugins/com.st.stm32cube.ide.mcu.externaltools.gnu-tools-for-stm32.9-2020-q2-update.win32_2.0.0.202105311346/tools/bin/../lib/gcc/arm-none-eabi/9.3.1/thumb/v7-m/nofp/crtn.o
                0x0000000008003f28                . = ALIGN (0x4)
                0x0000000008003f28                _etext = .

.vfp11_veneer   0x0000000008003f28        0x0
 .vfp11_veneer  0x0000000008003f28        0x0 linker stubs

.v4_bx          0x0000000008003f28        0x0
 .v4_bx         0x0000000008003f28        0x0 linker stubs

.iplt           0x0000000008003f28        0x0
 .iplt          0x0000000008003f28        0x0 c:/st/stm32cubeide_1.7.0/stm32cubeide/plugins/com.st.stm32cube.ide.mcu.externaltools.gnu-tools-for-stm32.9-2020-q2-update.win32_2.0.0.202105311346/tools/bin/../lib/gcc/arm-none-eabi/9.3.1/thumb/v7-m/nofp/crtbegin.o

.rodata         0x0000000008003f28      0x11c
                0x0000000008003f28                . = ALIGN (0x4)
 *(.rodata)
 .rodata        0x0000000008003f28       0x75 ./Core/Src/fsm_auto.o
 *fill*         0x0000000008003f9d        0x3 
 .rodata        0x0000000008003fa0       0x44 ./Core/Src/fsm_auto_set_run.o
 *(.rodata*)
 .rodata.AHBPrescTable
                0x0000000008003fe4       0x10 ./Core/Src/system_stm32f1xx.o
                0x0000000008003fe4                AHBPrescTable
 .rodata.APBPrescTable
                0x0000000008003ff4        0x8 ./Core/Src/system_stm32f1xx.o
                0x0000000008003ff4                APBPrescTable
 .rodata.aPLLMULFactorTable.6283
                0x0000000008003ffc       0x10 ./Drivers/STM32F1xx_HAL_Driver/Src/stm32f1xx_hal_rcc.o
 .rodata.aPredivFactorTable.6284
                0x000000000800400c        0x2 ./Drivers/STM32F1xx_HAL_Driver/Src/stm32f1xx_hal_rcc.o
 .rodata._svfprintf_r.str1.1
                0x000000000800400e       0x11 c:/st/stm32cubeide_1.7.0/stm32cubeide/plugins/com.st.stm32cube.ide.mcu.externaltools.gnu-tools-for-stm32.9-2020-q2-update.win32_2.0.0.202105311346/tools/bin/../lib/gcc/arm-none-eabi/9.3.1/../../../../arm-none-eabi/lib/thumb/v7-m/nofp\libc_nano.a(lib_a-nano-svfprintf.o)
 .rodata._printf_i.str1.1
                0x000000000800401f       0x22 c:/st/stm32cubeide_1.7.0/stm32cubeide/plugins/com.st.stm32cube.ide.mcu.externaltools.gnu-tools-for-stm32.9-2020-q2-update.win32_2.0.0.202105311346/tools/bin/../lib/gcc/arm-none-eabi/9.3.1/../../../../arm-none-eabi/lib/thumb/v7-m/nofp\libc_nano.a(lib_a-nano-vfprintf_i.o)
                0x0000000008004044                . = ALIGN (0x4)
 *fill*         0x0000000008004041        0x3 

.rel.dyn        0x0000000008004044        0x0
 .rel.iplt      0x0000000008004044        0x0 c:/st/stm32cubeide_1.7.0/stm32cubeide/plugins/com.st.stm32cube.ide.mcu.externaltools.gnu-tools-for-stm32.9-2020-q2-update.win32_2.0.0.202105311346/tools/bin/../lib/gcc/arm-none-eabi/9.3.1/thumb/v7-m/nofp/crtbegin.o

.ARM.extab      0x0000000008004044        0x0
                0x0000000008004044                . = ALIGN (0x4)
 *(.ARM.extab* .gnu.linkonce.armextab.*)
                0x0000000008004044                . = ALIGN (0x4)

.ARM            0x0000000008004044        0x0
                0x0000000008004044                . = ALIGN (0x4)
                0x0000000008004044                __exidx_start = .
 *(.ARM.exidx*)
                0x0000000008004044                __exidx_end = .
                0x0000000008004044                . = ALIGN (0x4)

.preinit_array  0x0000000008004044        0x0
                0x0000000008004044                . = ALIGN (0x4)
                0x0000000008004044                PROVIDE (__preinit_array_start = .)
 *(.preinit_array*)
                0x0000000008004044                PROVIDE (__preinit_array_end = .)
                0x0000000008004044                . = ALIGN (0x4)

.init_array     0x0000000008004044        0x4
                0x0000000008004044                . = ALIGN (0x4)
                0x0000000008004044                PROVIDE (__init_array_start = .)
 *(SORT_BY_NAME(.init_array.*))
 *(.init_array*)
 .init_array    0x0000000008004044        0x4 c:/st/stm32cubeide_1.7.0/stm32cubeide/plugins/com.st.stm32cube.ide.mcu.externaltools.gnu-tools-for-stm32.9-2020-q2-update.win32_2.0.0.202105311346/tools/bin/../lib/gcc/arm-none-eabi/9.3.1/thumb/v7-m/nofp/crtbegin.o
                0x0000000008004048                PROVIDE (__init_array_end = .)
                0x0000000008004048                . = ALIGN (0x4)

.fini_array     0x0000000008004048        0x4
                0x0000000008004048                . = ALIGN (0x4)
                [!provide]                        PROVIDE (__fini_array_start = .)
 *(SORT_BY_NAME(.fini_array.*))
 *(.fini_array*)
 .fini_array    0x0000000008004048        0x4 c:/st/stm32cubeide_1.7.0/stm32cubeide/plugins/com.st.stm32cube.ide.mcu.externaltools.gnu-tools-for-stm32.9-2020-q2-update.win32_2.0.0.202105311346/tools/bin/../lib/gcc/arm-none-eabi/9.3.1/thumb/v7-m/nofp/crtbegin.o
                [!provide]                        PROVIDE (__fini_array_end = .)
                0x000000000800404c                . = ALIGN (0x4)
                0x000000000800404c                _sidata = LOADADDR (.data)

.data           0x0000000020000000       0xac load address 0x000000000800404c
                0x0000000020000000                . = ALIGN (0x4)
                0x0000000020000000                _sdata = .
 *(.data)
 *(.data*)
 .data.KeyReg0  0x0000000020000000        0x4 ./Core/Src/button.o
                0x0000000020000000                KeyReg0
 .data.KeyReg1  0x0000000020000004        0x4 ./Core/Src/button.o
                0x0000000020000004                KeyReg1
 .data.KeyReg2  0x0000000020000008        0x4 ./Core/Src/button.o
                0x0000000020000008                KeyReg2
 .data.KeyReg3  0x000000002000000c        0x4 ./Core/Src/button.o
                0x000000002000000c                KeyReg3
 .data.KeyReg4  0x0000000020000010        0x4 ./Core/Src/button.o
                0x0000000020000010                KeyReg4
 .data.KeyReg5  0x0000000020000014        0x4 ./Core/Src/button.o
                0x0000000020000014                KeyReg5
 .data.KeyReg6  0x0000000020000018        0x4 ./Core/Src/button.o
                0x0000000020000018                KeyReg6
 .data.KeyReg7  0x000000002000001c        0x4 ./Core/Src/button.o
                0x000000002000001c                KeyReg7
 .data.KeyReg8  0x0000000020000020        0x4 ./Core/Src/button.o
                0x0000000020000020                KeyReg8
 .data.KeyReg9  0x0000000020000024        0x4 ./Core/Src/button.o
                0x0000000020000024                KeyReg9
 .data.KeyReg10
                0x0000000020000028        0x4 ./Core/Src/button.o
                0x0000000020000028                KeyReg10
 .data.KeyReg11
                0x000000002000002c        0x4 ./Core/Src/button.o
                0x000000002000002c                KeyReg11
 .data.TimerKeyPress
                0x0000000020000030        0x4 ./Core/Src/button.o
                0x0000000020000030                TimerKeyPress
 .data.TimerKeyPress_2
                0x0000000020000034        0x4 ./Core/Src/button.o
                0x0000000020000034                TimerKeyPress_2
 .data.TimerKeyPress_3
                0x0000000020000038        0x4 ./Core/Src/button.o
                0x0000000020000038                TimerKeyPress_3
 .data.SystemCoreClock
                0x000000002000003c        0x4 ./Core/Src/system_stm32f1xx.o
                0x000000002000003c                SystemCoreClock
 .data.uwTickPrio
                0x0000000020000040        0x4 ./Drivers/STM32F1xx_HAL_Driver/Src/stm32f1xx_hal.o
                0x0000000020000040                uwTickPrio
 .data.uwTickFreq
                0x0000000020000044        0x1 ./Drivers/STM32F1xx_HAL_Driver/Src/stm32f1xx_hal.o
                0x0000000020000044                uwTickFreq
 *fill*         0x0000000020000045        0x3 
 .data._impure_ptr
                0x0000000020000048        0x4 c:/st/stm32cubeide_1.7.0/stm32cubeide/plugins/com.st.stm32cube.ide.mcu.externaltools.gnu-tools-for-stm32.9-2020-q2-update.win32_2.0.0.202105311346/tools/bin/../lib/gcc/arm-none-eabi/9.3.1/../../../../arm-none-eabi/lib/thumb/v7-m/nofp\libc_nano.a(lib_a-impure.o)
                0x0000000020000048                _impure_ptr
 .data.impure_data
                0x000000002000004c       0x60 c:/st/stm32cubeide_1.7.0/stm32cubeide/plugins/com.st.stm32cube.ide.mcu.externaltools.gnu-tools-for-stm32.9-2020-q2-update.win32_2.0.0.202105311346/tools/bin/../lib/gcc/arm-none-eabi/9.3.1/../../../../arm-none-eabi/lib/thumb/v7-m/nofp\libc_nano.a(lib_a-impure.o)
 *(.RamFunc)
 *(.RamFunc*)
                0x00000000200000ac                . = ALIGN (0x4)
                0x00000000200000ac                _edata = .

.igot.plt       0x00000000200000ac        0x0 load address 0x00000000080040f8
 .igot.plt      0x00000000200000ac        0x0 c:/st/stm32cubeide_1.7.0/stm32cubeide/plugins/com.st.stm32cube.ide.mcu.externaltools.gnu-tools-for-stm32.9-2020-q2-update.win32_2.0.0.202105311346/tools/bin/../lib/gcc/arm-none-eabi/9.3.1/thumb/v7-m/nofp/crtbegin.o
                0x00000000200000ac                . = ALIGN (0x4)

.bss            0x00000000200000ac      0x164 load address 0x00000000080040f8
                0x00000000200000ac                _sbss = .
                0x00000000200000ac                __bss_start__ = _sbss
 *(.bss)
 .bss           0x00000000200000ac       0x1c c:/st/stm32cubeide_1.7.0/stm32cubeide/plugins/com.st.stm32cube.ide.mcu.externaltools.gnu-tools-for-stm32.9-2020-q2-update.win32_2.0.0.202105311346/tools/bin/../lib/gcc/arm-none-eabi/9.3.1/thumb/v7-m/nofp/crtbegin.o
 *(.bss*)
 .bss.button1_flag
                0x00000000200000c8        0x4 ./Core/Src/button.o
                0x00000000200000c8                button1_flag
 .bss.button2_flag
                0x00000000200000cc        0x4 ./Core/Src/button.o
                0x00000000200000cc                button2_flag
 .bss.button3_flag
                0x00000000200000d0        0x4 ./Core/Src/button.o
                0x00000000200000d0                button3_flag
 .bss.red_cross
                0x00000000200000d4        0x4 ./Core/Src/fsm_auto.o
                0x00000000200000d4                red_cross
 .bss.yellow_cross
                0x00000000200000d8        0x4 ./Core/Src/fsm_auto.o
                0x00000000200000d8                yellow_cross
 .bss.green_cross
                0x00000000200000dc        0x4 ./Core/Src/fsm_auto.o
                0x00000000200000dc                green_cross
 .bss.ind       0x00000000200000e0        0x4 ./Core/Src/fsm_auto.o
                0x00000000200000e0                ind
 .bss.set_buff  0x00000000200000e4        0x4 ./Core/Src/fsm_auto_set_run.o
                0x00000000200000e4                set_buff
 .bss.yel_set   0x00000000200000e8        0x4 ./Core/Src/fsm_auto_set_run.o
                0x00000000200000e8                yel_set
 .bss.index     0x00000000200000ec        0x4 ./Core/Src/fsm_auto_set_run.o
                0x00000000200000ec                index
 .bss.status    0x00000000200000f0        0x4 ./Core/Src/global.o
                0x00000000200000f0                status
 .bss.green_dur
                0x00000000200000f4        0x4 ./Core/Src/global.o
                0x00000000200000f4                green_dur
 .bss.yellow_dur
                0x00000000200000f8        0x4 ./Core/Src/global.o
                0x00000000200000f8                yellow_dur
 .bss.red_dur   0x00000000200000fc        0x4 ./Core/Src/global.o
                0x00000000200000fc                red_dur
 .bss.timer1_counter
                0x0000000020000100        0x4 ./Core/Src/software_timer.o
                0x0000000020000100                timer1_counter
 .bss.timer1_flag
                0x0000000020000104        0x4 ./Core/Src/software_timer.o
                0x0000000020000104                timer1_flag
 .bss.timer2_counter
                0x0000000020000108        0x4 ./Core/Src/software_timer.o
                0x0000000020000108                timer2_counter
 .bss.timer2_flag
                0x000000002000010c        0x4 ./Core/Src/software_timer.o
                0x000000002000010c                timer2_flag
 .bss.timer3_counter
                0x0000000020000110        0x4 ./Core/Src/software_timer.o
                0x0000000020000110                timer3_counter
 .bss.timer3_flag
                0x0000000020000114        0x4 ./Core/Src/software_timer.o
                0x0000000020000114                timer3_flag
 .bss.timer4_counter
                0x0000000020000118        0x4 ./Core/Src/software_timer.o
                0x0000000020000118                timer4_counter
 .bss.timer4_flag
                0x000000002000011c        0x4 ./Core/Src/software_timer.o
                0x000000002000011c                timer4_flag
 .bss.timer5_counter
                0x0000000020000120        0x4 ./Core/Src/software_timer.o
                0x0000000020000120                timer5_counter
 .bss.timer5_flag
                0x0000000020000124        0x4 ./Core/Src/software_timer.o
                0x0000000020000124                timer5_flag
 .bss.timer6_counter
                0x0000000020000128        0x4 ./Core/Src/software_timer.o
                0x0000000020000128                timer6_counter
 .bss.timer6_flag
                0x000000002000012c        0x4 ./Core/Src/software_timer.o
                0x000000002000012c                timer6_flag
 .bss.timer7_counter
                0x0000000020000130        0x4 ./Core/Src/software_timer.o
                0x0000000020000130                timer7_counter
 .bss.timer7_flag
                0x0000000020000134        0x4 ./Core/Src/software_timer.o
                0x0000000020000134                timer7_flag
 .bss.timer8_counter
                0x0000000020000138        0x4 ./Core/Src/software_timer.o
                0x0000000020000138                timer8_counter
 .bss.timer8_flag
                0x000000002000013c        0x4 ./Core/Src/software_timer.o
                0x000000002000013c                timer8_flag
 .bss.__sbrk_heap_end
                0x0000000020000140        0x4 ./Core/Src/sysmem.o
 .bss.__malloc_free_list
                0x0000000020000144        0x4 c:/st/stm32cubeide_1.7.0/stm32cubeide/plugins/com.st.stm32cube.ide.mcu.externaltools.gnu-tools-for-stm32.9-2020-q2-update.win32_2.0.0.202105311346/tools/bin/../lib/gcc/arm-none-eabi/9.3.1/../../../../arm-none-eabi/lib/thumb/v7-m/nofp\libc_nano.a(lib_a-nano-mallocr.o)
                0x0000000020000144                __malloc_free_list
 .bss.__malloc_sbrk_start
                0x0000000020000148        0x4 c:/st/stm32cubeide_1.7.0/stm32cubeide/plugins/com.st.stm32cube.ide.mcu.externaltools.gnu-tools-for-stm32.9-2020-q2-update.win32_2.0.0.202105311346/tools/bin/../lib/gcc/arm-none-eabi/9.3.1/../../../../arm-none-eabi/lib/thumb/v7-m/nofp\libc_nano.a(lib_a-nano-mallocr.o)
                0x0000000020000148                __malloc_sbrk_start
 *(COMMON)
 COMMON         0x000000002000014c        0xc ./Core/Src/fsm_auto.o
                0x000000002000014c                yellow_main
                0x0000000020000150                green_main
                0x0000000020000154                red_main
 COMMON         0x0000000020000158        0x8 ./Core/Src/fsm_auto_set_run.o
                0x0000000020000158                red_set
                0x000000002000015c                gre_set
 COMMON         0x0000000020000160       0x9c ./Core/Src/main.o
                0x0000000020000160                hi2c1
                0x00000000200001b4                htim2
 COMMON         0x00000000200001fc        0x4 ./Drivers/STM32F1xx_HAL_Driver/Src/stm32f1xx_hal.o
                0x00000000200001fc                uwTick
 COMMON         0x0000000020000200        0x4 c:/st/stm32cubeide_1.7.0/stm32cubeide/plugins/com.st.stm32cube.ide.mcu.externaltools.gnu-tools-for-stm32.9-2020-q2-update.win32_2.0.0.202105311346/tools/bin/../lib/gcc/arm-none-eabi/9.3.1/../../../../arm-none-eabi/lib/thumb/v7-m/nofp\libc_nano.a(lib_a-reent.o)
                0x0000000020000200                errno
 COMMON         0x0000000020000204        0x9 c:/st/stm32cubeide_1.7.0/stm32cubeide/plugins/com.st.stm32cube.ide.mcu.externaltools.gnu-tools-for-stm32.9-2020-q2-update.win32_2.0.0.202105311346/tools/bin/../lib/gcc/arm-none-eabi/9.3.1/../../../../arm-none-eabi/lib/thumb/v7-m/nofp\libc_nano.a(lib_a-lock.o)
                0x0000000020000204                __lock___atexit_recursive_mutex
                0x0000000020000205                __lock___arc4random_mutex
                0x0000000020000206                __lock___env_recursive_mutex
                0x0000000020000207                __lock___sinit_recursive_mutex
                0x0000000020000208                __lock___malloc_recursive_mutex
                0x0000000020000209                __lock___at_quick_exit_mutex
                0x000000002000020a                __lock___dd_hash_mutex
                0x000000002000020b                __lock___tz_mutex
                0x000000002000020c                __lock___sfp_recursive_mutex
                0x0000000020000210                . = ALIGN (0x4)
 *fill*         0x000000002000020d        0x3 
                0x0000000020000210                _ebss = .
                0x0000000020000210                __bss_end__ = _ebss

._user_heap_stack
                0x0000000020000210      0x600 load address 0x00000000080040f8
                0x0000000020000210                . = ALIGN (0x8)
                [!provide]                        PROVIDE (end = .)
                0x0000000020000210                PROVIDE (_end = .)
                0x0000000020000410                . = (. + _Min_Heap_Size)
 *fill*         0x0000000020000210      0x200 
                0x0000000020000810                . = (. + _Min_Stack_Size)
 *fill*         0x0000000020000410      0x400 
                0x0000000020000810                . = ALIGN (0x8)

/DISCARD/
 libc.a(*)
 libm.a(*)
 libgcc.a(*)

.ARM.attributes
                0x0000000000000000       0x29
 *(.ARM.attributes)
 .ARM.attributes
                0x0000000000000000       0x1d c:/st/stm32cubeide_1.7.0/stm32cubeide/plugins/com.st.stm32cube.ide.mcu.externaltools.gnu-tools-for-stm32.9-2020-q2-update.win32_2.0.0.202105311346/tools/bin/../lib/gcc/arm-none-eabi/9.3.1/thumb/v7-m/nofp/crti.o
 .ARM.attributes
                0x000000000000001d       0x2d c:/st/stm32cubeide_1.7.0/stm32cubeide/plugins/com.st.stm32cube.ide.mcu.externaltools.gnu-tools-for-stm32.9-2020-q2-update.win32_2.0.0.202105311346/tools/bin/../lib/gcc/arm-none-eabi/9.3.1/thumb/v7-m/nofp/crtbegin.o
 .ARM.attributes
                0x000000000000004a       0x2d ./Core/Src/button.o
 .ARM.attributes
                0x0000000000000077       0x2d ./Core/Src/fsm_auto.o
 .ARM.attributes
                0x00000000000000a4       0x2d ./Core/Src/fsm_auto_set_run.o
 .ARM.attributes
                0x00000000000000d1       0x33 ./Core/Src/global.o
 .ARM.attributes
                0x0000000000000104       0x2d ./Core/Src/i2c-lcd.o
 .ARM.attributes
                0x0000000000000131       0x2d ./Core/Src/main.o
 .ARM.attributes
                0x000000000000015e       0x2d ./Core/Src/software_timer.o
 .ARM.attributes
                0x000000000000018b       0x2d ./Core/Src/stm32f1xx_hal_msp.o
 .ARM.attributes
                0x00000000000001b8       0x2d ./Core/Src/stm32f1xx_it.o
 .ARM.attributes
                0x00000000000001e5       0x2d ./Core/Src/sysmem.o
 .ARM.attributes
                0x0000000000000212       0x2d ./Core/Src/system_stm32f1xx.o
 .ARM.attributes
                0x000000000000023f       0x21 ./Core/Startup/startup_stm32f103rbtx.o
 .ARM.attributes
                0x0000000000000260       0x2d ./Drivers/STM32F1xx_HAL_Driver/Src/stm32f1xx_hal.o
 .ARM.attributes
                0x000000000000028d       0x2d ./Drivers/STM32F1xx_HAL_Driver/Src/stm32f1xx_hal_cortex.o
 .ARM.attributes
                0x00000000000002ba       0x2d ./Drivers/STM32F1xx_HAL_Driver/Src/stm32f1xx_hal_gpio.o
 .ARM.attributes
                0x00000000000002e7       0x2d ./Drivers/STM32F1xx_HAL_Driver/Src/stm32f1xx_hal_i2c.o
 .ARM.attributes
                0x0000000000000314       0x2d ./Drivers/STM32F1xx_HAL_Driver/Src/stm32f1xx_hal_rcc.o
 .ARM.attributes
                0x0000000000000341       0x2d ./Drivers/STM32F1xx_HAL_Driver/Src/stm32f1xx_hal_tim.o
 .ARM.attributes
                0x000000000000036e       0x2d ./Drivers/STM32F1xx_HAL_Driver/Src/stm32f1xx_hal_tim_ex.o
 .ARM.attributes
                0x000000000000039b       0x2d c:/st/stm32cubeide_1.7.0/stm32cubeide/plugins/com.st.stm32cube.ide.mcu.externaltools.gnu-tools-for-stm32.9-2020-q2-update.win32_2.0.0.202105311346/tools/bin/../lib/gcc/arm-none-eabi/9.3.1/../../../../arm-none-eabi/lib/thumb/v7-m/nofp\libc_nano.a(lib_a-errno.o)
 .ARM.attributes
                0x00000000000003c8       0x2d c:/st/stm32cubeide_1.7.0/stm32cubeide/plugins/com.st.stm32cube.ide.mcu.externaltools.gnu-tools-for-stm32.9-2020-q2-update.win32_2.0.0.202105311346/tools/bin/../lib/gcc/arm-none-eabi/9.3.1/../../../../arm-none-eabi/lib/thumb/v7-m/nofp\libc_nano.a(lib_a-impure.o)
 .ARM.attributes
                0x00000000000003f5       0x2d c:/st/stm32cubeide_1.7.0/stm32cubeide/plugins/com.st.stm32cube.ide.mcu.externaltools.gnu-tools-for-stm32.9-2020-q2-update.win32_2.0.0.202105311346/tools/bin/../lib/gcc/arm-none-eabi/9.3.1/../../../../arm-none-eabi/lib/thumb/v7-m/nofp\libc_nano.a(lib_a-init.o)
 .ARM.attributes
                0x0000000000000422       0x2d c:/st/stm32cubeide_1.7.0/stm32cubeide/plugins/com.st.stm32cube.ide.mcu.externaltools.gnu-tools-for-stm32.9-2020-q2-update.win32_2.0.0.202105311346/tools/bin/../lib/gcc/arm-none-eabi/9.3.1/../../../../arm-none-eabi/lib/thumb/v7-m/nofp\libc_nano.a(lib_a-memset.o)
 .ARM.attributes
                0x000000000000044f       0x2d c:/st/stm32cubeide_1.7.0/stm32cubeide/plugins/com.st.stm32cube.ide.mcu.externaltools.gnu-tools-for-stm32.9-2020-q2-update.win32_2.0.0.202105311346/tools/bin/../lib/gcc/arm-none-eabi/9.3.1/../../../../arm-none-eabi/lib/thumb/v7-m/nofp\libc_nano.a(lib_a-sprintf.o)
 .ARM.attributes
                0x000000000000047c       0x2d c:/st/stm32cubeide_1.7.0/stm32cubeide/plugins/com.st.stm32cube.ide.mcu.externaltools.gnu-tools-for-stm32.9-2020-q2-update.win32_2.0.0.202105311346/tools/bin/../lib/gcc/arm-none-eabi/9.3.1/../../../../arm-none-eabi/lib/thumb/v7-m/nofp\libc_nano.a(lib_a-nano-svfprintf.o)
 .ARM.attributes
                0x00000000000004a9       0x2d c:/st/stm32cubeide_1.7.0/stm32cubeide/plugins/com.st.stm32cube.ide.mcu.externaltools.gnu-tools-for-stm32.9-2020-q2-update.win32_2.0.0.202105311346/tools/bin/../lib/gcc/arm-none-eabi/9.3.1/../../../../arm-none-eabi/lib/thumb/v7-m/nofp\libc_nano.a(lib_a-nano-vfprintf_i.o)
 .ARM.attributes
                0x00000000000004d6       0x2d c:/st/stm32cubeide_1.7.0/stm32cubeide/plugins/com.st.stm32cube.ide.mcu.externaltools.gnu-tools-for-stm32.9-2020-q2-update.win32_2.0.0.202105311346/tools/bin/../lib/gcc/arm-none-eabi/9.3.1/../../../../arm-none-eabi/lib/thumb/v7-m/nofp\libc_nano.a(lib_a-memchr-stub.o)
 .ARM.attributes
                0x0000000000000503       0x2d c:/st/stm32cubeide_1.7.0/stm32cubeide/plugins/com.st.stm32cube.ide.mcu.externaltools.gnu-tools-for-stm32.9-2020-q2-update.win32_2.0.0.202105311346/tools/bin/../lib/gcc/arm-none-eabi/9.3.1/../../../../arm-none-eabi/lib/thumb/v7-m/nofp\libc_nano.a(lib_a-memcpy-stub.o)
 .ARM.attributes
                0x0000000000000530       0x2d c:/st/stm32cubeide_1.7.0/stm32cubeide/plugins/com.st.stm32cube.ide.mcu.externaltools.gnu-tools-for-stm32.9-2020-q2-update.win32_2.0.0.202105311346/tools/bin/../lib/gcc/arm-none-eabi/9.3.1/../../../../arm-none-eabi/lib/thumb/v7-m/nofp\libc_nano.a(lib_a-memmove.o)
 .ARM.attributes
                0x000000000000055d       0x2d c:/st/stm32cubeide_1.7.0/stm32cubeide/plugins/com.st.stm32cube.ide.mcu.externaltools.gnu-tools-for-stm32.9-2020-q2-update.win32_2.0.0.202105311346/tools/bin/../lib/gcc/arm-none-eabi/9.3.1/../../../../arm-none-eabi/lib/thumb/v7-m/nofp\libc_nano.a(lib_a-nano-freer.o)
 .ARM.attributes
                0x000000000000058a       0x2d c:/st/stm32cubeide_1.7.0/stm32cubeide/plugins/com.st.stm32cube.ide.mcu.externaltools.gnu-tools-for-stm32.9-2020-q2-update.win32_2.0.0.202105311346/tools/bin/../lib/gcc/arm-none-eabi/9.3.1/../../../../arm-none-eabi/lib/thumb/v7-m/nofp\libc_nano.a(lib_a-nano-mallocr.o)
 .ARM.attributes
                0x00000000000005b7       0x2d c:/st/stm32cubeide_1.7.0/stm32cubeide/plugins/com.st.stm32cube.ide.mcu.externaltools.gnu-tools-for-stm32.9-2020-q2-update.win32_2.0.0.202105311346/tools/bin/../lib/gcc/arm-none-eabi/9.3.1/../../../../arm-none-eabi/lib/thumb/v7-m/nofp\libc_nano.a(lib_a-nano-reallocr.o)
 .ARM.attributes
                0x00000000000005e4       0x2d c:/st/stm32cubeide_1.7.0/stm32cubeide/plugins/com.st.stm32cube.ide.mcu.externaltools.gnu-tools-for-stm32.9-2020-q2-update.win32_2.0.0.202105311346/tools/bin/../lib/gcc/arm-none-eabi/9.3.1/../../../../arm-none-eabi/lib/thumb/v7-m/nofp\libc_nano.a(lib_a-sbrkr.o)
 .ARM.attributes
                0x0000000000000611       0x2d c:/st/stm32cubeide_1.7.0/stm32cubeide/plugins/com.st.stm32cube.ide.mcu.externaltools.gnu-tools-for-stm32.9-2020-q2-update.win32_2.0.0.202105311346/tools/bin/../lib/gcc/arm-none-eabi/9.3.1/../../../../arm-none-eabi/lib/thumb/v7-m/nofp\libc_nano.a(lib_a-mlock.o)
 .ARM.attributes
                0x000000000000063e       0x2d c:/st/stm32cubeide_1.7.0/stm32cubeide/plugins/com.st.stm32cube.ide.mcu.externaltools.gnu-tools-for-stm32.9-2020-q2-update.win32_2.0.0.202105311346/tools/bin/../lib/gcc/arm-none-eabi/9.3.1/../../../../arm-none-eabi/lib/thumb/v7-m/nofp\libc_nano.a(lib_a-nano-msizer.o)
 .ARM.attributes
                0x000000000000066b       0x2d c:/st/stm32cubeide_1.7.0/stm32cubeide/plugins/com.st.stm32cube.ide.mcu.externaltools.gnu-tools-for-stm32.9-2020-q2-update.win32_2.0.0.202105311346/tools/bin/../lib/gcc/arm-none-eabi/9.3.1/../../../../arm-none-eabi/lib/thumb/v7-m/nofp\libc_nano.a(lib_a-reent.o)
 .ARM.attributes
                0x0000000000000698       0x2d c:/st/stm32cubeide_1.7.0/stm32cubeide/plugins/com.st.stm32cube.ide.mcu.externaltools.gnu-tools-for-stm32.9-2020-q2-update.win32_2.0.0.202105311346/tools/bin/../lib/gcc/arm-none-eabi/9.3.1/../../../../arm-none-eabi/lib/thumb/v7-m/nofp\libc_nano.a(lib_a-lock.o)
 .ARM.attributes
                0x00000000000006c5       0x1d c:/st/stm32cubeide_1.7.0/stm32cubeide/plugins/com.st.stm32cube.ide.mcu.externaltools.gnu-tools-for-stm32.9-2020-q2-update.win32_2.0.0.202105311346/tools/bin/../lib/gcc/arm-none-eabi/9.3.1/thumb/v7-m/nofp/crtn.o
OUTPUT(demo.elf elf32-littlearm)
LOAD linker stubs
LOAD c:/st/stm32cubeide_1.7.0/stm32cubeide/plugins/com.st.stm32cube.ide.mcu.externaltools.gnu-tools-for-stm32.9-2020-q2-update.win32_2.0.0.202105311346/tools/bin/../lib/gcc/arm-none-eabi/9.3.1/../../../../arm-none-eabi/lib/thumb/v7-m/nofp\libc.a
LOAD c:/st/stm32cubeide_1.7.0/stm32cubeide/plugins/com.st.stm32cube.ide.mcu.externaltools.gnu-tools-for-stm32.9-2020-q2-update.win32_2.0.0.202105311346/tools/bin/../lib/gcc/arm-none-eabi/9.3.1/../../../../arm-none-eabi/lib/thumb/v7-m/nofp\libm.a
LOAD c:/st/stm32cubeide_1.7.0/stm32cubeide/plugins/com.st.stm32cube.ide.mcu.externaltools.gnu-tools-for-stm32.9-2020-q2-update.win32_2.0.0.202105311346/tools/bin/../lib/gcc/arm-none-eabi/9.3.1/thumb/v7-m/nofp\libgcc.a

.debug_info     0x0000000000000000     0xfa5b
 .debug_info    0x0000000000000000      0x41f ./Core/Src/button.o
 .debug_info    0x000000000000041f      0xcc3 ./Core/Src/fsm_auto.o
 .debug_info    0x00000000000010e2      0xcbd ./Core/Src/fsm_auto_set_run.o
 .debug_info    0x0000000000001d9f      0xae2 ./Core/Src/global.o
 .debug_info    0x0000000000002881      0x7d7 ./Core/Src/i2c-lcd.o
 .debug_info    0x0000000000003058     0x17b8 ./Core/Src/main.o
 .debug_info    0x0000000000004810      0x2cf ./Core/Src/software_timer.o
 .debug_info    0x0000000000004adf      0xe68 ./Core/Src/stm32f1xx_hal_msp.o
 .debug_info    0x0000000000005947      0x7b9 ./Core/Src/stm32f1xx_it.o
 .debug_info    0x0000000000006100      0xa25 ./Core/Src/sysmem.o
 .debug_info    0x0000000000006b25      0x2be ./Core/Src/system_stm32f1xx.o
 .debug_info    0x0000000000006de3       0x22 ./Core/Startup/startup_stm32f103rbtx.o
 .debug_info    0x0000000000006e05      0x76a ./Drivers/STM32F1xx_HAL_Driver/Src/stm32f1xx_hal.o
 .debug_info    0x000000000000756f      0xbdc ./Drivers/STM32F1xx_HAL_Driver/Src/stm32f1xx_hal_cortex.o
 .debug_info    0x000000000000814b      0x701 ./Drivers/STM32F1xx_HAL_Driver/Src/stm32f1xx_hal_gpio.o
 .debug_info    0x000000000000884c     0x27cb ./Drivers/STM32F1xx_HAL_Driver/Src/stm32f1xx_hal_i2c.o
 .debug_info    0x000000000000b017      0x893 ./Drivers/STM32F1xx_HAL_Driver/Src/stm32f1xx_hal_rcc.o
 .debug_info    0x000000000000b8aa     0x2c32 ./Drivers/STM32F1xx_HAL_Driver/Src/stm32f1xx_hal_tim.o
 .debug_info    0x000000000000e4dc     0x157f ./Drivers/STM32F1xx_HAL_Driver/Src/stm32f1xx_hal_tim_ex.o

.debug_abbrev   0x0000000000000000     0x2365
 .debug_abbrev  0x0000000000000000      0x13b ./Core/Src/button.o
 .debug_abbrev  0x000000000000013b      0x218 ./Core/Src/fsm_auto.o
 .debug_abbrev  0x0000000000000353      0x232 ./Core/Src/fsm_auto_set_run.o
 .debug_abbrev  0x0000000000000585      0x1a8 ./Core/Src/global.o
 .debug_abbrev  0x000000000000072d      0x1b2 ./Core/Src/i2c-lcd.o
 .debug_abbrev  0x00000000000008df      0x2cc ./Core/Src/main.o
 .debug_abbrev  0x0000000000000bab       0xb6 ./Core/Src/software_timer.o
 .debug_abbrev  0x0000000000000c61      0x1c8 ./Core/Src/stm32f1xx_hal_msp.o
 .debug_abbrev  0x0000000000000e29      0x176 ./Core/Src/stm32f1xx_it.o
 .debug_abbrev  0x0000000000000f9f      0x1bf ./Core/Src/sysmem.o
 .debug_abbrev  0x000000000000115e      0x14e ./Core/Src/system_stm32f1xx.o
 .debug_abbrev  0x00000000000012ac       0x12 ./Core/Startup/startup_stm32f103rbtx.o
 .debug_abbrev  0x00000000000012be      0x1ed ./Drivers/STM32F1xx_HAL_Driver/Src/stm32f1xx_hal.o
 .debug_abbrev  0x00000000000014ab      0x313 ./Drivers/STM32F1xx_HAL_Driver/Src/stm32f1xx_hal_cortex.o
 .debug_abbrev  0x00000000000017be      0x1e8 ./Drivers/STM32F1xx_HAL_Driver/Src/stm32f1xx_hal_gpio.o
 .debug_abbrev  0x00000000000019a6      0x288 ./Drivers/STM32F1xx_HAL_Driver/Src/stm32f1xx_hal_i2c.o
 .debug_abbrev  0x0000000000001c2e      0x273 ./Drivers/STM32F1xx_HAL_Driver/Src/stm32f1xx_hal_rcc.o
 .debug_abbrev  0x0000000000001ea1      0x25e ./Drivers/STM32F1xx_HAL_Driver/Src/stm32f1xx_hal_tim.o
 .debug_abbrev  0x00000000000020ff      0x266 ./Drivers/STM32F1xx_HAL_Driver/Src/stm32f1xx_hal_tim_ex.o

.debug_aranges  0x0000000000000000      0xd70
 .debug_aranges
                0x0000000000000000       0x60 ./Core/Src/button.o
 .debug_aranges
                0x0000000000000060       0x20 ./Core/Src/fsm_auto.o
 .debug_aranges
                0x0000000000000080       0x20 ./Core/Src/fsm_auto_set_run.o
 .debug_aranges
                0x00000000000000a0       0x18 ./Core/Src/global.o
 .debug_aranges
                0x00000000000000b8       0x48 ./Core/Src/i2c-lcd.o
 .debug_aranges
                0x0000000000000100       0x50 ./Core/Src/main.o
 .debug_aranges
                0x0000000000000150       0x60 ./Core/Src/software_timer.o
 .debug_aranges
                0x00000000000001b0       0x40 ./Core/Src/stm32f1xx_hal_msp.o
 .debug_aranges
                0x00000000000001f0       0x68 ./Core/Src/stm32f1xx_it.o
 .debug_aranges
                0x0000000000000258       0x20 ./Core/Src/sysmem.o
 .debug_aranges
                0x0000000000000278       0x28 ./Core/Src/system_stm32f1xx.o
 .debug_aranges
                0x00000000000002a0       0x28 ./Core/Startup/startup_stm32f103rbtx.o
 .debug_aranges
                0x00000000000002c8       0xe0 ./Drivers/STM32F1xx_HAL_Driver/Src/stm32f1xx_hal.o
 .debug_aranges
                0x00000000000003a8      0x100 ./Drivers/STM32F1xx_HAL_Driver/Src/stm32f1xx_hal_cortex.o
 .debug_aranges
                0x00000000000004a8       0x58 ./Drivers/STM32F1xx_HAL_Driver/Src/stm32f1xx_hal_gpio.o
 .debug_aranges
                0x0000000000000500      0x2a8 ./Drivers/STM32F1xx_HAL_Driver/Src/stm32f1xx_hal_i2c.o
 .debug_aranges
                0x00000000000007a8       0x90 ./Drivers/STM32F1xx_HAL_Driver/Src/stm32f1xx_hal_rcc.o
 .debug_aranges
                0x0000000000000838      0x3d0 ./Drivers/STM32F1xx_HAL_Driver/Src/stm32f1xx_hal_tim.o
 .debug_aranges
                0x0000000000000c08      0x168 ./Drivers/STM32F1xx_HAL_Driver/Src/stm32f1xx_hal_tim_ex.o

.debug_ranges   0x0000000000000000      0xc58
 .debug_ranges  0x0000000000000000       0x50 ./Core/Src/button.o
 .debug_ranges  0x0000000000000050       0x10 ./Core/Src/fsm_auto.o
 .debug_ranges  0x0000000000000060       0x10 ./Core/Src/fsm_auto_set_run.o
 .debug_ranges  0x0000000000000070       0x38 ./Core/Src/i2c-lcd.o
 .debug_ranges  0x00000000000000a8       0x40 ./Core/Src/main.o
 .debug_ranges  0x00000000000000e8       0x50 ./Core/Src/software_timer.o
 .debug_ranges  0x0000000000000138       0x30 ./Core/Src/stm32f1xx_hal_msp.o
 .debug_ranges  0x0000000000000168       0x58 ./Core/Src/stm32f1xx_it.o
 .debug_ranges  0x00000000000001c0       0x10 ./Core/Src/sysmem.o
 .debug_ranges  0x00000000000001d0       0x18 ./Core/Src/system_stm32f1xx.o
 .debug_ranges  0x00000000000001e8       0x20 ./Core/Startup/startup_stm32f103rbtx.o
 .debug_ranges  0x0000000000000208       0xd0 ./Drivers/STM32F1xx_HAL_Driver/Src/stm32f1xx_hal.o
 .debug_ranges  0x00000000000002d8       0xf0 ./Drivers/STM32F1xx_HAL_Driver/Src/stm32f1xx_hal_cortex.o
 .debug_ranges  0x00000000000003c8       0x48 ./Drivers/STM32F1xx_HAL_Driver/Src/stm32f1xx_hal_gpio.o
 .debug_ranges  0x0000000000000410      0x2b0 ./Drivers/STM32F1xx_HAL_Driver/Src/stm32f1xx_hal_i2c.o
 .debug_ranges  0x00000000000006c0       0x80 ./Drivers/STM32F1xx_HAL_Driver/Src/stm32f1xx_hal_rcc.o
 .debug_ranges  0x0000000000000740      0x3c0 ./Drivers/STM32F1xx_HAL_Driver/Src/stm32f1xx_hal_tim.o
 .debug_ranges  0x0000000000000b00      0x158 ./Drivers/STM32F1xx_HAL_Driver/Src/stm32f1xx_hal_tim_ex.o

.debug_macro    0x0000000000000000    0x18831
 .debug_macro   0x0000000000000000      0x1c1 ./Core/Src/button.o
 .debug_macro   0x00000000000001c1      0xa9c ./Core/Src/button.o
 .debug_macro   0x0000000000000c5d      0x21b ./Core/Src/button.o
 .debug_macro   0x0000000000000e78       0x2e ./Core/Src/button.o
 .debug_macro   0x0000000000000ea6       0x22 ./Core/Src/button.o
 .debug_macro   0x0000000000000ec8       0x22 ./Core/Src/button.o
 .debug_macro   0x0000000000000eea       0x8e ./Core/Src/button.o
 .debug_macro   0x0000000000000f78       0x51 ./Core/Src/button.o
 .debug_macro   0x0000000000000fc9      0x103 ./Core/Src/button.o
 .debug_macro   0x00000000000010cc       0x6a ./Core/Src/button.o
 .debug_macro   0x0000000000001136      0x1df ./Core/Src/button.o
 .debug_macro   0x0000000000001315       0x1c ./Core/Src/button.o
 .debug_macro   0x0000000000001331       0x22 ./Core/Src/button.o
 .debug_macro   0x0000000000001353       0xc3 ./Core/Src/button.o
 .debug_macro   0x0000000000001416      0xd23 ./Core/Src/button.o
 .debug_macro   0x0000000000002139     0xe09e ./Core/Src/button.o
 .debug_macro   0x00000000000101d7       0x6d ./Core/Src/button.o
 .debug_macro   0x0000000000010244     0x34a2 ./Core/Src/button.o
 .debug_macro   0x00000000000136e6      0x174 ./Core/Src/button.o
 .debug_macro   0x000000000001385a       0x5c ./Core/Src/button.o
 .debug_macro   0x00000000000138b6      0x5bc ./Core/Src/button.o
 .debug_macro   0x0000000000013e72      0x289 ./Core/Src/button.o
 .debug_macro   0x00000000000140fb      0x1cb ./Core/Src/button.o
 .debug_macro   0x00000000000142c6      0x114 ./Core/Src/button.o
 .debug_macro   0x00000000000143da      0x1b2 ./Core/Src/button.o
 .debug_macro   0x000000000001458c       0x27 ./Core/Src/button.o
 .debug_macro   0x00000000000145b3      0x136 ./Core/Src/button.o
 .debug_macro   0x00000000000146e9      0x1bc ./Core/Src/button.o
 .debug_macro   0x00000000000148a5       0x34 ./Core/Src/button.o
 .debug_macro   0x00000000000148d9       0x3c ./Core/Src/button.o
 .debug_macro   0x0000000000014915       0x57 ./Core/Src/button.o
 .debug_macro   0x000000000001496c       0x87 ./Core/Src/button.o
 .debug_macro   0x00000000000149f3      0x240 ./Core/Src/button.o
 .debug_macro   0x0000000000014c33      0x287 ./Core/Src/button.o
 .debug_macro   0x0000000000014eba      0x140 ./Core/Src/button.o
 .debug_macro   0x0000000000014ffa      0x8ed ./Core/Src/button.o
 .debug_macro   0x00000000000158e7       0x83 ./Core/Src/button.o
 .debug_macro   0x000000000001596a       0x58 ./Core/Src/button.o
 .debug_macro   0x00000000000159c2       0x10 ./Core/Src/button.o
 .debug_macro   0x00000000000159d2      0x347 ./Core/Src/fsm_auto.o
 .debug_macro   0x0000000000015d19       0x52 ./Core/Src/fsm_auto.o
 .debug_macro   0x0000000000015d6b       0x18 ./Core/Src/fsm_auto.o
 .debug_macro   0x0000000000015d83       0x3c ./Core/Src/fsm_auto.o
 .debug_macro   0x0000000000015dbf       0x34 ./Core/Src/fsm_auto.o
 .debug_macro   0x0000000000015df3       0x16 ./Core/Src/fsm_auto.o
 .debug_macro   0x0000000000015e09       0x35 ./Core/Src/fsm_auto.o
 .debug_macro   0x0000000000015e3e      0x333 ./Core/Src/fsm_auto.o
 .debug_macro   0x0000000000016171       0x10 ./Core/Src/fsm_auto.o
 .debug_macro   0x0000000000016181       0x16 ./Core/Src/fsm_auto.o
 .debug_macro   0x0000000000016197       0x43 ./Core/Src/fsm_auto.o
 .debug_macro   0x00000000000161da       0x34 ./Core/Src/fsm_auto.o
 .debug_macro   0x000000000001620e       0x10 ./Core/Src/fsm_auto.o
 .debug_macro   0x000000000001621e       0x58 ./Core/Src/fsm_auto.o
 .debug_macro   0x0000000000016276       0x71 ./Core/Src/fsm_auto.o
 .debug_macro   0x00000000000162e7       0x1c ./Core/Src/fsm_auto.o
 .debug_macro   0x0000000000016303      0x12a ./Core/Src/fsm_auto.o
 .debug_macro   0x000000000001642d       0x10 ./Core/Src/fsm_auto.o
 .debug_macro   0x000000000001643d       0x1c ./Core/Src/fsm_auto.o
 .debug_macro   0x0000000000016459       0x52 ./Core/Src/fsm_auto.o
 .debug_macro   0x00000000000164ab       0x22 ./Core/Src/fsm_auto.o
 .debug_macro   0x00000000000164cd       0x10 ./Core/Src/fsm_auto.o
 .debug_macro   0x00000000000164dd       0x40 ./Core/Src/fsm_auto.o
 .debug_macro   0x000000000001651d       0xd5 ./Core/Src/fsm_auto.o
 .debug_macro   0x00000000000165f2       0x1c ./Core/Src/fsm_auto.o
 .debug_macro   0x000000000001660e       0x3d ./Core/Src/fsm_auto.o
 .debug_macro   0x000000000001664b       0x16 ./Core/Src/fsm_auto.o
 .debug_macro   0x0000000000016661      0x145 ./Core/Src/fsm_auto.o
 .debug_macro   0x00000000000167a6       0x3a ./Core/Src/fsm_auto.o
 .debug_macro   0x00000000000167e0      0x343 ./Core/Src/fsm_auto_set_run.o
 .debug_macro   0x0000000000016b23      0x339 ./Core/Src/global.o
 .debug_macro   0x0000000000016e5c      0x1ad ./Core/Src/i2c-lcd.o
 .debug_macro   0x0000000000017009      0x35d ./Core/Src/main.o
 .debug_macro   0x0000000000017366       0x1b ./Core/Src/software_timer.o
 .debug_macro   0x0000000000017381      0x1b2 ./Core/Src/stm32f1xx_hal_msp.o
 .debug_macro   0x0000000000017533      0x1bc ./Core/Src/stm32f1xx_it.o
 .debug_macro   0x00000000000176ef       0xff ./Core/Src/sysmem.o
 .debug_macro   0x00000000000177ee      0x23b ./Core/Src/sysmem.o
 .debug_macro   0x0000000000017a29      0x1a3 ./Core/Src/system_stm32f1xx.o
 .debug_macro   0x0000000000017bcc      0x1c7 ./Drivers/STM32F1xx_HAL_Driver/Src/stm32f1xx_hal.o
 .debug_macro   0x0000000000017d93      0x1a3 ./Drivers/STM32F1xx_HAL_Driver/Src/stm32f1xx_hal_cortex.o
 .debug_macro   0x0000000000017f36      0x20e ./Drivers/STM32F1xx_HAL_Driver/Src/stm32f1xx_hal_gpio.o
 .debug_macro   0x0000000000018144      0x1f1 ./Drivers/STM32F1xx_HAL_Driver/Src/stm32f1xx_hal_i2c.o
 .debug_macro   0x0000000000018335      0x1b5 ./Drivers/STM32F1xx_HAL_Driver/Src/stm32f1xx_hal_rcc.o
 .debug_macro   0x00000000000184ea      0x1a4 ./Drivers/STM32F1xx_HAL_Driver/Src/stm32f1xx_hal_tim.o
 .debug_macro   0x000000000001868e      0x1a3 ./Drivers/STM32F1xx_HAL_Driver/Src/stm32f1xx_hal_tim_ex.o

.debug_line     0x0000000000000000    0x1049d
 .debug_line    0x0000000000000000      0x823 ./Core/Src/button.o
 .debug_line    0x0000000000000823      0xa22 ./Core/Src/fsm_auto.o
 .debug_line    0x0000000000001245      0x9c5 ./Core/Src/fsm_auto_set_run.o
 .debug_line    0x0000000000001c0a      0x865 ./Core/Src/global.o
 .debug_line    0x000000000000246f      0x73f ./Core/Src/i2c-lcd.o
 .debug_line    0x0000000000002bae      0xa39 ./Core/Src/main.o
 .debug_line    0x00000000000035e7      0x1d1 ./Core/Src/software_timer.o
 .debug_line    0x00000000000037b8      0x703 ./Core/Src/stm32f1xx_hal_msp.o
 .debug_line    0x0000000000003ebb      0x756 ./Core/Src/stm32f1xx_it.o
 .debug_line    0x0000000000004611      0x4f8 ./Core/Src/sysmem.o
 .debug_line    0x0000000000004b09      0x6fa ./Core/Src/system_stm32f1xx.o
 .debug_line    0x0000000000005203       0x86 ./Core/Startup/startup_stm32f103rbtx.o
 .debug_line    0x0000000000005289      0x927 ./Drivers/STM32F1xx_HAL_Driver/Src/stm32f1xx_hal.o
 .debug_line    0x0000000000005bb0      0xb0f ./Drivers/STM32F1xx_HAL_Driver/Src/stm32f1xx_hal_cortex.o
 .debug_line    0x00000000000066bf      0x9c0 ./Drivers/STM32F1xx_HAL_Driver/Src/stm32f1xx_hal_gpio.o
 .debug_line    0x000000000000707f     0x3abd ./Drivers/STM32F1xx_HAL_Driver/Src/stm32f1xx_hal_i2c.o
 .debug_line    0x000000000000ab3c      0xd33 ./Drivers/STM32F1xx_HAL_Driver/Src/stm32f1xx_hal_rcc.o
 .debug_line    0x000000000000b86f     0x33c1 ./Drivers/STM32F1xx_HAL_Driver/Src/stm32f1xx_hal_tim.o
 .debug_line    0x000000000000ec30     0x186d ./Drivers/STM32F1xx_HAL_Driver/Src/stm32f1xx_hal_tim_ex.o

.debug_str      0x0000000000000000    0x8b354
 .debug_str     0x0000000000000000    0x83309 ./Core/Src/button.o
                                      0x8366d (size before relaxing)
 .debug_str     0x0000000000083309     0x41d7 ./Core/Src/fsm_auto.o
                                      0x87785 (size before relaxing)
 .debug_str     0x00000000000874e0       0xa9 ./Core/Src/fsm_auto_set_run.o
                                      0x8779f (size before relaxing)
 .debug_str     0x0000000000087589       0x15 ./Core/Src/global.o
                                      0x876bb (size before relaxing)
 .debug_str     0x000000000008759e      0x460 ./Core/Src/i2c-lcd.o
                                      0x83871 (size before relaxing)
 .debug_str     0x00000000000879fe      0x53a ./Core/Src/main.o
                                      0x88138 (size before relaxing)
 .debug_str     0x0000000000087f38       0xf7 ./Core/Src/software_timer.o
                                       0x2ec8 (size before relaxing)
 .debug_str     0x000000000008802f      0x31b ./Core/Src/stm32f1xx_hal_msp.o
                                      0x83fed (size before relaxing)
 .debug_str     0x000000000008834a       0xcd ./Core/Src/stm32f1xx_it.o
                                      0x83a18 (size before relaxing)
 .debug_str     0x0000000000088417      0x4e9 ./Core/Src/sysmem.o
                                       0x6259 (size before relaxing)
 .debug_str     0x0000000000088900       0x52 ./Core/Src/system_stm32f1xx.o
                                      0x833ef (size before relaxing)
 .debug_str     0x0000000000088952       0x36 ./Core/Startup/startup_stm32f103rbtx.o
                                         0x6d (size before relaxing)
 .debug_str     0x0000000000088988      0x304 ./Drivers/STM32F1xx_HAL_Driver/Src/stm32f1xx_hal.o
                                      0x83a80 (size before relaxing)
 .debug_str     0x0000000000088c8c      0x300 ./Drivers/STM32F1xx_HAL_Driver/Src/stm32f1xx_hal_cortex.o
                                      0x83a88 (size before relaxing)
 .debug_str     0x0000000000088f8c      0x324 ./Drivers/STM32F1xx_HAL_Driver/Src/stm32f1xx_hal_gpio.o
                                      0x837b3 (size before relaxing)
 .debug_str     0x00000000000892b0      0xb9a ./Drivers/STM32F1xx_HAL_Driver/Src/stm32f1xx_hal_i2c.o
                                      0x8447e (size before relaxing)
 .debug_str     0x0000000000089e4a      0x244 ./Drivers/STM32F1xx_HAL_Driver/Src/stm32f1xx_hal_rcc.o
                                      0x837ec (size before relaxing)
 .debug_str     0x000000000008a08e      0xdd8 ./Drivers/STM32F1xx_HAL_Driver/Src/stm32f1xx_hal_tim.o
                                      0x847d5 (size before relaxing)
 .debug_str     0x000000000008ae66      0x4ee ./Drivers/STM32F1xx_HAL_Driver/Src/stm32f1xx_hal_tim_ex.o
                                      0x83f76 (size before relaxing)

.comment        0x0000000000000000       0x53
 .comment       0x0000000000000000       0x53 ./Core/Src/button.o
                                         0x54 (size before relaxing)
 .comment       0x0000000000000053       0x54 ./Core/Src/fsm_auto.o
 .comment       0x0000000000000053       0x54 ./Core/Src/fsm_auto_set_run.o
 .comment       0x0000000000000053       0x54 ./Core/Src/global.o
 .comment       0x0000000000000053       0x54 ./Core/Src/i2c-lcd.o
 .comment       0x0000000000000053       0x54 ./Core/Src/main.o
 .comment       0x0000000000000053       0x54 ./Core/Src/software_timer.o
 .comment       0x0000000000000053       0x54 ./Core/Src/stm32f1xx_hal_msp.o
 .comment       0x0000000000000053       0x54 ./Core/Src/stm32f1xx_it.o
 .comment       0x0000000000000053       0x54 ./Core/Src/sysmem.o
 .comment       0x0000000000000053       0x54 ./Core/Src/system_stm32f1xx.o
 .comment       0x0000000000000053       0x54 ./Drivers/STM32F1xx_HAL_Driver/Src/stm32f1xx_hal.o
 .comment       0x0000000000000053       0x54 ./Drivers/STM32F1xx_HAL_Driver/Src/stm32f1xx_hal_cortex.o
 .comment       0x0000000000000053       0x54 ./Drivers/STM32F1xx_HAL_Driver/Src/stm32f1xx_hal_gpio.o
 .comment       0x0000000000000053       0x54 ./Drivers/STM32F1xx_HAL_Driver/Src/stm32f1xx_hal_i2c.o
 .comment       0x0000000000000053       0x54 ./Drivers/STM32F1xx_HAL_Driver/Src/stm32f1xx_hal_rcc.o
 .comment       0x0000000000000053       0x54 ./Drivers/STM32F1xx_HAL_Driver/Src/stm32f1xx_hal_tim.o
 .comment       0x0000000000000053       0x54 ./Drivers/STM32F1xx_HAL_Driver/Src/stm32f1xx_hal_tim_ex.o

.debug_frame    0x0000000000000000     0x3ae0
 .debug_frame   0x0000000000000000      0x124 ./Core/Src/button.o
 .debug_frame   0x0000000000000124       0x38 ./Core/Src/fsm_auto.o
 .debug_frame   0x000000000000015c       0x38 ./Core/Src/fsm_auto_set_run.o
 .debug_frame   0x0000000000000194       0xd8 ./Core/Src/i2c-lcd.o
 .debug_frame   0x000000000000026c       0xf0 ./Core/Src/main.o
 .debug_frame   0x000000000000035c      0x170 ./Core/Src/software_timer.o
 .debug_frame   0x00000000000004cc       0xc8 ./Core/Src/stm32f1xx_hal_msp.o
 .debug_frame   0x0000000000000594      0x120 ./Core/Src/stm32f1xx_it.o
 .debug_frame   0x00000000000006b4       0x34 ./Core/Src/sysmem.o
 .debug_frame   0x00000000000006e8       0x58 ./Core/Src/system_stm32f1xx.o
 .debug_frame   0x0000000000000740      0x334 ./Drivers/STM32F1xx_HAL_Driver/Src/stm32f1xx_hal.o
 .debug_frame   0x0000000000000a74      0x428 ./Drivers/STM32F1xx_HAL_Driver/Src/stm32f1xx_hal_cortex.o
 .debug_frame   0x0000000000000e9c      0x14c ./Drivers/STM32F1xx_HAL_Driver/Src/stm32f1xx_hal_gpio.o
 .debug_frame   0x0000000000000fe8      0xc84 ./Drivers/STM32F1xx_HAL_Driver/Src/stm32f1xx_hal_i2c.o
 .debug_frame   0x0000000000001c6c      0x218 ./Drivers/STM32F1xx_HAL_Driver/Src/stm32f1xx_hal_rcc.o
 .debug_frame   0x0000000000001e84     0x11b8 ./Drivers/STM32F1xx_HAL_Driver/Src/stm32f1xx_hal_tim.o
 .debug_frame   0x000000000000303c      0x638 ./Drivers/STM32F1xx_HAL_Driver/Src/stm32f1xx_hal_tim_ex.o
 .debug_frame   0x0000000000003674       0x20 c:/st/stm32cubeide_1.7.0/stm32cubeide/plugins/com.st.stm32cube.ide.mcu.externaltools.gnu-tools-for-stm32.9-2020-q2-update.win32_2.0.0.202105311346/tools/bin/../lib/gcc/arm-none-eabi/9.3.1/../../../../arm-none-eabi/lib/thumb/v7-m/nofp\libc_nano.a(lib_a-errno.o)
 .debug_frame   0x0000000000003694       0x2c c:/st/stm32cubeide_1.7.0/stm32cubeide/plugins/com.st.stm32cube.ide.mcu.externaltools.gnu-tools-for-stm32.9-2020-q2-update.win32_2.0.0.202105311346/tools/bin/../lib/gcc/arm-none-eabi/9.3.1/../../../../arm-none-eabi/lib/thumb/v7-m/nofp\libc_nano.a(lib_a-init.o)
 .debug_frame   0x00000000000036c0       0x20 c:/st/stm32cubeide_1.7.0/stm32cubeide/plugins/com.st.stm32cube.ide.mcu.externaltools.gnu-tools-for-stm32.9-2020-q2-update.win32_2.0.0.202105311346/tools/bin/../lib/gcc/arm-none-eabi/9.3.1/../../../../arm-none-eabi/lib/thumb/v7-m/nofp\libc_nano.a(lib_a-memset.o)
 .debug_frame   0x00000000000036e0       0x6c c:/st/stm32cubeide_1.7.0/stm32cubeide/plugins/com.st.stm32cube.ide.mcu.externaltools.gnu-tools-for-stm32.9-2020-q2-update.win32_2.0.0.202105311346/tools/bin/../lib/gcc/arm-none-eabi/9.3.1/../../../../arm-none-eabi/lib/thumb/v7-m/nofp\libc_nano.a(lib_a-sprintf.o)
 .debug_frame   0x000000000000374c       0x90 c:/st/stm32cubeide_1.7.0/stm32cubeide/plugins/com.st.stm32cube.ide.mcu.externaltools.gnu-tools-for-stm32.9-2020-q2-update.win32_2.0.0.202105311346/tools/bin/../lib/gcc/arm-none-eabi/9.3.1/../../../../arm-none-eabi/lib/thumb/v7-m/nofp\libc_nano.a(lib_a-nano-svfprintf.o)
 .debug_frame   0x00000000000037dc       0x60 c:/st/stm32cubeide_1.7.0/stm32cubeide/plugins/com.st.stm32cube.ide.mcu.externaltools.gnu-tools-for-stm32.9-2020-q2-update.win32_2.0.0.202105311346/tools/bin/../lib/gcc/arm-none-eabi/9.3.1/../../../../arm-none-eabi/lib/thumb/v7-m/nofp\libc_nano.a(lib_a-nano-vfprintf_i.o)
 .debug_frame   0x000000000000383c       0x28 c:/st/stm32cubeide_1.7.0/stm32cubeide/plugins/com.st.stm32cube.ide.mcu.externaltools.gnu-tools-for-stm32.9-2020-q2-update.win32_2.0.0.202105311346/tools/bin/../lib/gcc/arm-none-eabi/9.3.1/../../../../arm-none-eabi/lib/thumb/v7-m/nofp\libc_nano.a(lib_a-memchr-stub.o)
 .debug_frame   0x0000000000003864       0x28 c:/st/stm32cubeide_1.7.0/stm32cubeide/plugins/com.st.stm32cube.ide.mcu.externaltools.gnu-tools-for-stm32.9-2020-q2-update.win32_2.0.0.202105311346/tools/bin/../lib/gcc/arm-none-eabi/9.3.1/../../../../arm-none-eabi/lib/thumb/v7-m/nofp\libc_nano.a(lib_a-memcpy-stub.o)
 .debug_frame   0x000000000000388c       0x28 c:/st/stm32cubeide_1.7.0/stm32cubeide/plugins/com.st.stm32cube.ide.mcu.externaltools.gnu-tools-for-stm32.9-2020-q2-update.win32_2.0.0.202105311346/tools/bin/../lib/gcc/arm-none-eabi/9.3.1/../../../../arm-none-eabi/lib/thumb/v7-m/nofp\libc_nano.a(lib_a-memmove.o)
 .debug_frame   0x00000000000038b4       0x38 c:/st/stm32cubeide_1.7.0/stm32cubeide/plugins/com.st.stm32cube.ide.mcu.externaltools.gnu-tools-for-stm32.9-2020-q2-update.win32_2.0.0.202105311346/tools/bin/../lib/gcc/arm-none-eabi/9.3.1/../../../../arm-none-eabi/lib/thumb/v7-m/nofp\libc_nano.a(lib_a-nano-freer.o)
 .debug_frame   0x00000000000038ec       0x30 c:/st/stm32cubeide_1.7.0/stm32cubeide/plugins/com.st.stm32cube.ide.mcu.externaltools.gnu-tools-for-stm32.9-2020-q2-update.win32_2.0.0.202105311346/tools/bin/../lib/gcc/arm-none-eabi/9.3.1/../../../../arm-none-eabi/lib/thumb/v7-m/nofp\libc_nano.a(lib_a-nano-mallocr.o)
 .debug_frame   0x000000000000391c       0x3c c:/st/stm32cubeide_1.7.0/stm32cubeide/plugins/com.st.stm32cube.ide.mcu.externaltools.gnu-tools-for-stm32.9-2020-q2-update.win32_2.0.0.202105311346/tools/bin/../lib/gcc/arm-none-eabi/9.3.1/../../../../arm-none-eabi/lib/thumb/v7-m/nofp\libc_nano.a(lib_a-nano-reallocr.o)
 .debug_frame   0x0000000000003958       0x2c c:/st/stm32cubeide_1.7.0/stm32cubeide/plugins/com.st.stm32cube.ide.mcu.externaltools.gnu-tools-for-stm32.9-2020-q2-update.win32_2.0.0.202105311346/tools/bin/../lib/gcc/arm-none-eabi/9.3.1/../../../../arm-none-eabi/lib/thumb/v7-m/nofp\libc_nano.a(lib_a-sbrkr.o)
 .debug_frame   0x0000000000003984       0x30 c:/st/stm32cubeide_1.7.0/stm32cubeide/plugins/com.st.stm32cube.ide.mcu.externaltools.gnu-tools-for-stm32.9-2020-q2-update.win32_2.0.0.202105311346/tools/bin/../lib/gcc/arm-none-eabi/9.3.1/../../../../arm-none-eabi/lib/thumb/v7-m/nofp\libc_nano.a(lib_a-mlock.o)
 .debug_frame   0x00000000000039b4       0x20 c:/st/stm32cubeide_1.7.0/stm32cubeide/plugins/com.st.stm32cube.ide.mcu.externaltools.gnu-tools-for-stm32.9-2020-q2-update.win32_2.0.0.202105311346/tools/bin/../lib/gcc/arm-none-eabi/9.3.1/../../../../arm-none-eabi/lib/thumb/v7-m/nofp\libc_nano.a(lib_a-nano-msizer.o)
 .debug_frame   0x00000000000039d4       0x5c c:/st/stm32cubeide_1.7.0/stm32cubeide/plugins/com.st.stm32cube.ide.mcu.externaltools.gnu-tools-for-stm32.9-2020-q2-update.win32_2.0.0.202105311346/tools/bin/../lib/gcc/arm-none-eabi/9.3.1/../../../../arm-none-eabi/lib/thumb/v7-m/nofp\libc_nano.a(lib_a-reent.o)
 .debug_frame   0x0000000000003a30       0xb0 c:/st/stm32cubeide_1.7.0/stm32cubeide/plugins/com.st.stm32cube.ide.mcu.externaltools.gnu-tools-for-stm32.9-2020-q2-update.win32_2.0.0.202105311346/tools/bin/../lib/gcc/arm-none-eabi/9.3.1/../../../../arm-none-eabi/lib/thumb/v7-m/nofp\libc_nano.a(lib_a-lock.o)
